Component: ARM Compiler 5.06 update 7 (build 960) Tool: armlink [4d3601]

==============================================================================

Section Cross References

    system_stm32f10x.o(i.SetSysClock) refers to system_stm32f10x.o(i.SetSysClockTo72) for SetSysClockTo72
    system_stm32f10x.o(i.SystemCoreClockUpdate) refers to system_stm32f10x.o(.data) for SystemCoreClock
    system_stm32f10x.o(i.SystemInit) refers to system_stm32f10x.o(i.SetSysClock) for SetSysClock
    stm32f10x_adc.o(i.ADC_DeInit) refers to stm32f10x_rcc.o(i.RCC_APB2PeriphResetCmd) for RCC_APB2PeriphResetCmd
    stm32f10x_bkp.o(i.BKP_DeInit) refers to stm32f10x_rcc.o(i.RCC_BackupResetCmd) for RCC_BackupResetCmd
    stm32f10x_can.o(i.CAN_DeInit) refers to stm32f10x_rcc.o(i.RCC_APB1PeriphResetCmd) for RCC_APB1PeriphResetCmd
    stm32f10x_can.o(i.CAN_GetITStatus) refers to stm32f10x_can.o(i.CheckITStatus) for CheckITStatus
    stm32f10x_cec.o(i.CEC_DeInit) refers to stm32f10x_rcc.o(i.RCC_APB1PeriphResetCmd) for RCC_APB1PeriphResetCmd
    stm32f10x_dac.o(i.DAC_DeInit) refers to stm32f10x_rcc.o(i.RCC_APB1PeriphResetCmd) for RCC_APB1PeriphResetCmd
    stm32f10x_flash.o(i.FLASH_EnableWriteProtection) refers to stm32f10x_flash.o(i.FLASH_WaitForLastOperation) for FLASH_WaitForLastOperation
    stm32f10x_flash.o(i.FLASH_EraseAllBank1Pages) refers to stm32f10x_flash.o(i.FLASH_WaitForLastBank1Operation) for FLASH_WaitForLastBank1Operation
    stm32f10x_flash.o(i.FLASH_EraseAllPages) refers to stm32f10x_flash.o(i.FLASH_WaitForLastOperation) for FLASH_WaitForLastOperation
    stm32f10x_flash.o(i.FLASH_EraseOptionBytes) refers to stm32f10x_flash.o(i.FLASH_GetReadOutProtectionStatus) for FLASH_GetReadOutProtectionStatus
    stm32f10x_flash.o(i.FLASH_EraseOptionBytes) refers to stm32f10x_flash.o(i.FLASH_WaitForLastOperation) for FLASH_WaitForLastOperation
    stm32f10x_flash.o(i.FLASH_ErasePage) refers to stm32f10x_flash.o(i.FLASH_WaitForLastOperation) for FLASH_WaitForLastOperation
    stm32f10x_flash.o(i.FLASH_ProgramHalfWord) refers to stm32f10x_flash.o(i.FLASH_WaitForLastOperation) for FLASH_WaitForLastOperation
    stm32f10x_flash.o(i.FLASH_ProgramOptionByteData) refers to stm32f10x_flash.o(i.FLASH_WaitForLastOperation) for FLASH_WaitForLastOperation
    stm32f10x_flash.o(i.FLASH_ProgramWord) refers to stm32f10x_flash.o(i.FLASH_WaitForLastOperation) for FLASH_WaitForLastOperation
    stm32f10x_flash.o(i.FLASH_ReadOutProtection) refers to stm32f10x_flash.o(i.FLASH_WaitForLastOperation) for FLASH_WaitForLastOperation
    stm32f10x_flash.o(i.FLASH_UserOptionByteConfig) refers to stm32f10x_flash.o(i.FLASH_WaitForLastOperation) for FLASH_WaitForLastOperation
    stm32f10x_flash.o(i.FLASH_WaitForLastBank1Operation) refers to stm32f10x_flash.o(i.FLASH_GetBank1Status) for FLASH_GetBank1Status
    stm32f10x_flash.o(i.FLASH_WaitForLastOperation) refers to stm32f10x_flash.o(i.FLASH_GetBank1Status) for FLASH_GetBank1Status
    stm32f10x_gpio.o(i.GPIO_AFIODeInit) refers to stm32f10x_rcc.o(i.RCC_APB2PeriphResetCmd) for RCC_APB2PeriphResetCmd
    stm32f10x_gpio.o(i.GPIO_DeInit) refers to stm32f10x_rcc.o(i.RCC_APB2PeriphResetCmd) for RCC_APB2PeriphResetCmd
    stm32f10x_i2c.o(i.I2C_DeInit) refers to stm32f10x_rcc.o(i.RCC_APB1PeriphResetCmd) for RCC_APB1PeriphResetCmd
    stm32f10x_i2c.o(i.I2C_Init) refers to stm32f10x_rcc.o(i.RCC_GetClocksFreq) for RCC_GetClocksFreq
    stm32f10x_pwr.o(i.PWR_DeInit) refers to stm32f10x_rcc.o(i.RCC_APB1PeriphResetCmd) for RCC_APB1PeriphResetCmd
    stm32f10x_rcc.o(i.RCC_GetClocksFreq) refers to stm32f10x_rcc.o(.data) for APBAHBPrescTable
    stm32f10x_rcc.o(i.RCC_WaitForHSEStartUp) refers to stm32f10x_rcc.o(i.RCC_GetFlagStatus) for RCC_GetFlagStatus
    stm32f10x_rtc.o(i.RTC_SetAlarm) refers to stm32f10x_rtc.o(i.RTC_EnterConfigMode) for RTC_EnterConfigMode
    stm32f10x_rtc.o(i.RTC_SetAlarm) refers to stm32f10x_rtc.o(i.RTC_ExitConfigMode) for RTC_ExitConfigMode
    stm32f10x_rtc.o(i.RTC_SetCounter) refers to stm32f10x_rtc.o(i.RTC_EnterConfigMode) for RTC_EnterConfigMode
    stm32f10x_rtc.o(i.RTC_SetCounter) refers to stm32f10x_rtc.o(i.RTC_ExitConfigMode) for RTC_ExitConfigMode
    stm32f10x_rtc.o(i.RTC_SetPrescaler) refers to stm32f10x_rtc.o(i.RTC_EnterConfigMode) for RTC_EnterConfigMode
    stm32f10x_rtc.o(i.RTC_SetPrescaler) refers to stm32f10x_rtc.o(i.RTC_ExitConfigMode) for RTC_ExitConfigMode
    stm32f10x_spi.o(i.I2S_Init) refers to stm32f10x_rcc.o(i.RCC_GetClocksFreq) for RCC_GetClocksFreq
    stm32f10x_spi.o(i.SPI_I2S_DeInit) refers to stm32f10x_rcc.o(i.RCC_APB2PeriphResetCmd) for RCC_APB2PeriphResetCmd
    stm32f10x_spi.o(i.SPI_I2S_DeInit) refers to stm32f10x_rcc.o(i.RCC_APB1PeriphResetCmd) for RCC_APB1PeriphResetCmd
    stm32f10x_tim.o(i.TIM_DeInit) refers to stm32f10x_rcc.o(i.RCC_APB2PeriphResetCmd) for RCC_APB2PeriphResetCmd
    stm32f10x_tim.o(i.TIM_DeInit) refers to stm32f10x_rcc.o(i.RCC_APB1PeriphResetCmd) for RCC_APB1PeriphResetCmd
[...]
    Removing stm32f10x_wwdg.o(i.WWDG_EnableIT), (12 bytes).
    Removing stm32f10x_wwdg.o(i.WWDG_GetFlagStatus), (12 bytes).
    Removing stm32f10x_wwdg.o(i.WWDG_SetCounter), (16 bytes).
    Removing stm32f10x_wwdg.o(i.WWDG_SetPrescaler), (24 bytes).
    Removing stm32f10x_wwdg.o(i.WWDG_SetWindowValue), (40 bytes).
    Removing main.o(i.get_speed), (60 bytes).
    Removing delay.o(i.Delay_10us), (32 bytes).
    Removing delay.o(i.Delay_s), (28 bytes).
    Removing delay.o(i.Delay_us), (32 bytes).
    Removing delay.o(i.Systick_delay_10us), (48 bytes).
    Removing delay.o(i.Systick_delay_ms), (52 bytes).
    Removing delay.o(i.Systick_delay_us), (48 bytes).
    Removing pwm.o(i.GPIO_Out_PWM), (78 bytes).
    Removing pwm.o(i.GPIO_Out_Speet_Test), (24 bytes).
    Removing pwm.o(i.PWM_GPIO_Init), (76 bytes).
    Removing pwm.o(i.TIM2_PWM_Init), (120 bytes).
    Removing led.o(i.LED_GPIO_Init), (120 bytes).
    Removing led.o(i.LED_Out), (60 bytes).
    Removing led.o(.data), (2 bytes).
    Removing sys_config.o(i.EXTI_Key_Config), (140 bytes).
    Removing sys_config.o(i.EXTI_NEC_Config), (140 bytes).
    Removing sys_config.o(i.NVIC_Config), (72 bytes).
    Removing sys_config.o(i.PC_PA_13_14_15_Gpio), (92 bytes).
    Removing encoder.o(i.ENCODER_READ), (380 bytes).
    Removing encoder.o(i.Encoder_GPIO_Init), (56 bytes).
    Removing encoder.o(.data), (6 bytes).
    Removing 1602lcd.o(i.Display_Lcd_1602), (100 bytes).
    Removing 1602lcd.o(i.Display_Lcd_1602_Number), (292 bytes).
    Removing 1602lcd.o(i.Display_Time_LCD1602), (64 bytes).
    Removing 1602lcd.o(i.LCD1602_IsBusy), (128 bytes).
    Removing 1602lcd.o(i.Lcd_1602_GPIO_Config), (136 bytes).
    Removing 1602lcd.o(i.Lcd_1602_Init), (38 bytes).
    Removing 1602lcd.o(i.Write_Data_Lcd_1602), (72 bytes).
    Removing 1602lcd.o(i.Write_Order_Lcd_1602), (84 bytes).
    Removing flash.o(i.FLASH_Read), (6 bytes).
    Removing flash.o(i.FLASH_Write), (42 bytes).
    Removing oled0561.o(i.OLED_DISPLAY_8x16_BUFFER), (36 bytes).
    Removing oled0561.o(i.OLED_DISPLAY_LIT), (26 bytes).
    Removing i2c.o(i.I2C_READ_BUFFER), (232 bytes).
    Removing i2c.o(i.I2C_READ_BYTE), (188 bytes).
    Removing usart.o(i.USART1_printf), (88 bytes).
    Removing usart.o(i.USART4_IRQHandler), (2 bytes).
    Removing usart.o(i.USART4_Init), (172 bytes).
    Removing usart.o(i.USART4_printf), (88 bytes).
    Removing usart.o(i.fputc), (28 bytes).
    Removing rtc.o(i.Is_Leap_Year), (58 bytes).
    Removing rtc.o(i.RTC_Config), (62 bytes).
    Removing rtc.o(i.RTC_Get), (288 bytes).
    Removing rtc.o(i.RTC_Get_Week), (120 bytes).
    Removing rtc.o(i.RTC_InitWithLS), (76 bytes).
    Removing rtc.o(i.RTC_Set), (200 bytes).
    Removing rtc.o(.constdata), (24 bytes).
    Removing rtc.o(.data), (10 bytes).
    Removing ytpwm.o(i.TIM3_PWM_Init), (140 bytes).
    Removing timer.o(i.TIM4_InputCapture_Init), (212 bytes).
    Removing timer.o(i.timer2_init), (92 bytes).
    Removing timer.o(.bss), (10 bytes).
    Removing pid.o(i.PID), (100 bytes).
    Removing pid.o(i.PID2), (46 bytes).
    Removing pid.o(i.PID_Compute), (412 bytes).
    Removing pid.o(i.PID_GetDirection), (6 bytes).
    Removing pid.o(i.PID_GetKd), (8 bytes).
    Removing pid.o(i.PID_GetKi), (8 bytes).
    Removing pid.o(i.PID_GetKp), (8 bytes).
    Removing pid.o(i.PID_GetMode), (14 bytes).
    Removing pid.o(i.PID_Init), (80 bytes).
    Removing pid.o(i.PID_SetControllerDirection), (78 bytes).
    Removing pid.o(i.PID_SetMode), (34 bytes).
    Removing pid.o(i.PID_SetOutputLimits), (176 bytes).
    Removing pid.o(i.PID_SetSampleTime), (88 bytes).
    Removing pid.o(i.PID_SetTunings), (44 bytes).
    Removing pid.o(i.PID_SetTunings2), (244 bytes).
    Removing software_spi_oled.o(i.OLED_Clear), (48 bytes).
    Removing software_spi_oled.o(i.OLED_ClearPoint), (96 bytes).
    Removing software_spi_oled.o(i.OLED_ColorTurn), (28 bytes).
    Removing software_spi_oled.o(i.OLED_DisPlay_Off), (28 bytes).
    Removing software_spi_oled.o(i.OLED_DisPlay_On), (28 bytes).
    Removing software_spi_oled.o(i.OLED_DisplayTurn), (44 bytes).
    Removing software_spi_oled.o(i.OLED_DrawCircle), (152 bytes).
    Removing software_spi_oled.o(i.OLED_DrawLine), (168 bytes).
    Removing software_spi_oled.o(i.OLED_DrawPoint), (60 bytes).
    Removing software_spi_oled.o(i.OLED_Init), (292 bytes).
    Removing software_spi_oled.o(i.OLED_Pow), (22 bytes).
    Removing software_spi_oled.o(i.OLED_Refresh), (76 bytes).
    Removing software_spi_oled.o(i.OLED_ScrollDisplay), (164 bytes).
    Removing software_spi_oled.o(i.OLED_ShowChar), (252 bytes).
    Removing software_spi_oled.o(i.OLED_ShowChinese), (264 bytes).
    Removing software_spi_oled.o(i.OLED_ShowNum), (116 bytes).
    Removing software_spi_oled.o(i.OLED_ShowPicture), (98 bytes).
    Removing software_spi_oled.o(i.OLED_ShowString), (66 bytes).
    Removing software_spi_oled.o(i.OLED_WR_BP), (42 bytes).
    Removing software_spi_oled.o(i.OLED_WR_Byte), (96 bytes).
    Removing software_spi_oled.o(.bss), (1152 bytes).
    Removing software_spi_oled.o(.constdata), (6080 bytes).
    Removing software_spi_oled.o(.data), (5176 bytes).
    Removing hardware_spi_oled.o(i.SPI_OLED_Init), (152 bytes).
    Removing adc.o(i.my_ADC_Init), (160 bytes).
    Removing mywdg.o(i.wdg_Init), (96 bytes).
    Removing w25q128.o(i.W25Q_Erase_Block), (72 bytes).
    Removing w25q128.o(i.W25Q_Erase_Chip), (48 bytes).
    Removing w25q128.o(i.W25Q_Erase_Sector), (72 bytes).
    Removing w25q128.o(i.W25Q_Read_Buffer), (84 bytes).
    Removing w25q128.o(i.W25Q_Wait_Busy), (56 bytes).
    Removing w25q128.o(i.W25Q_Write_Buffer), (70 bytes).
    Removing w25q128.o(i.W25Q_Write_Enable), (36 bytes).
    Removing w25q128.o(i.W25Q_Write_Page), (92 bytes).

523 unused section(s) (total 38518 bytes) removed from the image.

==============================================================================

Image Symbol Table

    Local Symbols

    Symbol Name                              Value     Ov Type        Size  Object(Section)

    ../clib/angel/boardlib.s                 0x00000000   Number         0  boardinit3.o ABSOLUTE
    ../clib/angel/boardlib.s                 0x00000000   Number         0  boardinit2.o ABSOLUTE
    ../clib/angel/boardlib.s                 0x00000000   Number         0  boardinit1.o ABSOLUTE
    ../clib/angel/boardlib.s                 0x00000000   Number         0  boardshut.o ABSOLUTE
    ../clib/angel/handlers.s                 0x00000000   Number         0  __scatter_zi.o ABSOLUTE
    ../clib/angel/handlers.s                 0x00000000   Number         0  __scatter_copy.o ABSOLUTE
    ../clib/angel/kernel.s                   0x00000000   Number         0  __rtentry.o ABSOLUTE
    ../clib/angel/kernel.s                   0x00000000   Number         0  __rtentry4.o ABSOLUTE
    ../clib/angel/kernel.s                   0x00000000   Number         0  rtexit2.o ABSOLUTE
    ../clib/angel/kernel.s                   0x00000000   Number         0  __rtentry2.o ABSOLUTE
    ../clib/angel/kernel.s                   0x00000000   Number         0  rtexit.o ABSOLUTE
    ../clib/angel/rt.s                       0x00000000   Number         0  rt_raise.o ABSOLUTE
    ../clib/angel/rt.s                       0x00000000   Number         0  rt_locale_intlibspace.o ABSOLUTE
    ../clib/angel/rt.s                       0x00000000   Number         0  rt_locale.o ABSOLUTE
    ../clib/angel/rt.s                       0x00000000   Number         0  rt_ctype_table.o ABSOLUTE
    ../clib/angel/scatter.s                  0x00000000   Number         0  __scatter.o ABSOLUTE
    ../clib/angel/startup.s                  0x00000000   Number         0  __main.o ABSOLUTE
    ../clib/angel/sys.s                      0x00000000   Number         0  libspace.o ABSOLUTE
    ../clib/angel/sys.s                      0x00000000   Number         0  use_no_semi_2.o ABSOLUTE
    ../clib/angel/sys.s                      0x00000000   Number         0  indicate_semi.o ABSOLUTE
    ../clib/angel/sys.s                      0x00000000   Number         0  use_no_semi.o ABSOLUTE
    ../clib/angel/sys.s                      0x00000000   Number         0  sys_stackheap_outer.o ABSOLUTE
    ../clib/angel/sysapp.c                   0x00000000   Number         0  sys_command.o ABSOLUTE
    ../clib/angel/sysapp.c                   0x00000000   Number         0  sys_wrch.o ABSOLUTE
    ../clib/armsys.c                         0x00000000   Number         0  _get_argv_nomalloc.o ABSOLUTE
    ../clib/armsys.c                         0x00000000   Number         0  no_argv.o ABSOLUTE
    ../clib/armsys.c                         0x00000000   Number         0  argv_veneer.o ABSOLUTE
    ../clib/armsys.c                         0x00000000   Number         0  argv_veneer.o ABSOLUTE
    ../clib/bigflt.c                         0x00000000   Number         0  bigflt0.o ABSOLUTE
    ../clib/btod.s                           0x00000000   Number         0  btod.o ABSOLUTE
    ../clib/heapalloc.c                      0x00000000   Number         0  hrguard.o ABSOLUTE
    ../clib/heapaux.c                        0x00000000   Number         0  heapauxi.o ABSOLUTE
    ../clib/libinit.s                        0x00000000   Number         0  libshutdown.o ABSOLUTE
    ../clib/libinit.s                        0x00000000   Number         0  libinit2.o ABSOLUTE
    ../clib/libinit.s                        0x00000000   Number         0  libinit.o ABSOLUTE
    ../clib/libinit.s                        0x00000000   Number         0  libshutdown2.o ABSOLUTE
    ../clib/locale.c                         0x00000000   Number         0  _wcrtomb.o ABSOLUTE
    ../clib/locale.s                         0x00000000   Number         0  lc_ctype_c.o ABSOLUTE
    ../clib/locale.s                         0x00000000   Number         0  lc_numeric_c.o ABSOLUTE
    ../clib/longlong.s                       0x00000000   Number         0  lludiv10.o ABSOLUTE
    ../clib/memcpset.s                       0x00000000   Number         0  strcmpv7m.o ABSOLUTE
    ../clib/memcpset.s                       0x00000000   Number         0  rt_memcpy_w.o ABSOLUTE
    ../clib/misc.s                           0x00000000   Number         0  printf_stubs.o ABSOLUTE
    ../clib/printf.c                         0x00000000   Number         0  _printf_hex_int_ll.o ABSOLUTE
    ../clib/printf.c                         0x00000000   Number         0  _printf_hex_int.o ABSOLUTE
    ../clib/printf.c                         0x00000000   Number         0  _printf_hex_ll.o ABSOLUTE
    ../clib/printf.c                         0x00000000   Number         0  _printf_oct_int_ll.o ABSOLUTE
    ../clib/printf.c                         0x00000000   Number         0  _printf_oct_int.o ABSOLUTE
    ../clib/printf.c                         0x00000000   Number         0  _printf_oct_ll.o ABSOLUTE
    ../clib/printf.c                         0x00000000   Number         0  _printf_longlong_dec.o ABSOLUTE
    ../clib/printf.c                         0x00000000   Number         0  _printf_wctomb.o ABSOLUTE
    ../clib/printf.c                         0x00000000   Number         0  _printf_char_file.o ABSOLUTE
    ../clib/printf.c                         0x00000000   Number         0  _snputc.o ABSOLUTE
    ../clib/printf.c                         0x00000000   Number         0  _sputc.o ABSOLUTE
    ../clib/printf.c                         0x00000000   Number         0  _printf_char_common.o ABSOLUTE
    ../clib/printf.c                         0x00000000   Number         0  _printf_intcommon.o ABSOLUTE
    ../clib/printf.c                         0x00000000   Number         0  _printf_str.o ABSOLUTE
    ../clib/printf.c                         0x00000000   Number         0  _printf_truncate.o ABSOLUTE
    ../clib/printf.c                         0x00000000   Number         0  __printf_flags_ss_wp.o ABSOLUTE
    ../clib/printf.c                         0x00000000   Number         0  _printf_hex_ptr.o ABSOLUTE
    ../clib/printf.c                         0x00000000   Number         0  vsnprintf.o ABSOLUTE
    ../clib/printf.c                         0x00000000   Number         0  _printf_charcount.o ABSOLUTE
    ../clib/printf.c                         0x00000000   Number         0  __2printf.o ABSOLUTE
    ../clib/printf.c                         0x00000000   Number         0  __2sprintf.o ABSOLUTE
    ../clib/printf.c                         0x00000000   Number         0  noretval__2printf.o ABSOLUTE
    ../clib/printf.c                         0x00000000   Number         0  noretval__2sprintf.o ABSOLUTE
    ../clib/printf.c                         0x00000000   Number         0  __printf.o ABSOLUTE
    ../clib/printf.c                         0x00000000   Number         0  _printf_pad.o ABSOLUTE
    ../clib/printf.c                         0x00000000   Number         0  _printf_dec.o ABSOLUTE
    ../clib/printf.c                         0x00000000   Number         0  __printf_flags.o ABSOLUTE
    ../clib/printf.c                         0x00000000   Number         0  _printf_fp_infnan.o ABSOLUTE
    ../clib/printf.c                         0x00000000   Number         0  __printf_flags_ss.o ABSOLUTE
    ../clib/printf.c                         0x00000000   Number         0  __printf_wp.o ABSOLUTE
    ../clib/printf.c                         0x00000000   Number         0  _printf_wchar.o ABSOLUTE
    ../clib/printf.c                         0x00000000   Number         0  _printf_char.o ABSOLUTE
    ../clib/printf.c                         0x00000000   Number         0  __printf_nopercent.o ABSOLUTE
    ../clib/printf.c                         0x00000000   Number         0  _printf_fp_hex.o ABSOLUTE
    ../clib/printf.c                         0x00000000   Number         0  _printf_fp_dec.o ABSOLUTE
    ../clib/printf.c                         0x00000000   Number         0  __printf_flags_wp.o ABSOLUTE
    ../clib/printf.c                         0x00000000   Number         0  __printf_ss_wp.o ABSOLUTE
    ../clib/printf.c                         0x00000000   Number         0  _printf_hex_int_ll_ptr.o ABSOLUTE
    ../clib/printf.c                         0x00000000   Number         0  _printf_hex_ll_ptr.o ABSOLUTE
    ../clib/printf.c                         0x00000000   Number         0  _printf_hex_int_ptr.o ABSOLUTE
    ../clib/printf.c                         0x00000000   Number         0  __printf_ss.o ABSOLUTE
    ../clib/printf_percent.s                 0x00000000   Number         0  _printf_u.o ABSOLUTE
    ../clib/printf_percent.s                 0x00000000   Number         0  _printf_lli.o ABSOLUTE
    ../clib/printf_percent.s                 0x00000000   Number         0  _printf_percent.o ABSOLUTE
    ../clib/printf_percent.s                 0x00000000   Number         0  _printf_s.o ABSOLUTE
    ../clib/printf_percent.s                 0x00000000   Number         0  _printf_i.o ABSOLUTE
    ../clib/printf_percent.s                 0x00000000   Number         0  _printf_ll.o ABSOLUTE
    ../clib/printf_percent.s                 0x00000000   Number         0  _printf_lld.o ABSOLUTE
    ../clib/printf_percent.s                 0x00000000   Number         0  _printf_n.o ABSOLUTE
    ../clib/printf_percent.s                 0x00000000   Number         0  _printf_x.o ABSOLUTE
    ../clib/printf_percent.s                 0x00000000   Number         0  _printf_p.o ABSOLUTE
    ../clib/printf_percent.s                 0x00000000   Number         0  _printf_o.o ABSOLUTE
    ../clib/printf_percent.s                 0x00000000   Number         0  _printf_llu.o ABSOLUTE
    ../clib/printf_percent.s                 0x00000000   Number         0  _printf_e.o ABSOLUTE
    ../clib/printf_percent.s                 0x00000000   Number         0  _printf_d.o ABSOLUTE
    ../clib/printf_percent.s                 0x00000000   Number         0  _printf_f.o ABSOLUTE
    ../clib/printf_percent.s                 0x00000000   Number         0  _printf_percent_end.o ABSOLUTE
    ../clib/printf_percent.s                 0x00000000   Number         0  _printf_a.o ABSOLUTE
    ../clib/printf_percent.s                 0x00000000   Number         0  _printf_g.o ABSOLUTE
    ../clib/printf_percent.s                 0x00000000   Number         0  _printf_c.o ABSOLUTE
    ../clib/printf_percent.s                 0x00000000   Number         0  _printf_llx.o ABSOLUTE
    ../clib/printf_percent.s                 0x00000000   Number         0  _printf_llo.o ABSOLUTE
    ../clib/printf_percent.s                 0x00000000   Number         0  _printf_ls.o ABSOLUTE
    ../clib/printf_percent.s                 0x00000000   Number         0  _printf_lc.o ABSOLUTE
    ../clib/printf_percent.s                 0x00000000   Number         0  _printf_l.o ABSOLUTE
    ../clib/signal.c                         0x00000000   Number         0  defsig_stak_inner.o ABSOLUTE
    ../clib/signal.c                         0x00000000   Number         0  __raise.o ABSOLUTE
    ../clib/signal.c                         0x00000000   Number         0  defsig_rtmem_inner.o ABSOLUTE
    ../clib/signal.c                         0x00000000   Number         0  defsig_general.o ABSOLUTE
    ../clib/signal.c                         0x00000000   Number         0  defsig_exit.o ABSOLUTE
    ../clib/signal.c                         0x00000000   Number         0  defsig_rtmem_formal.o ABSOLUTE
    ../clib/signal.c                         0x00000000   Number         0  defsig_rtmem_outer.o ABSOLUTE
    ../clib/signal.c                         0x00000000   Number         0  defsig_other.o ABSOLUTE
    ../clib/signal.c                         0x00000000   Number         0  defsig_segv_inner.o ABSOLUTE
    ../clib/signal.c                         0x00000000   Number         0  defsig_cppl_inner.o ABSOLUTE
    ../clib/signal.c                         0x00000000   Number         0  defsig_pvfn_inner.o ABSOLUTE
    ../clib/signal.c                         0x00000000   Number         0  defsig_rtred_inner.o ABSOLUTE
    ../clib/signal.c                         0x00000000   Number         0  defsig_fpe_inner.o ABSOLUTE
    ../clib/signal.c                         0x00000000   Number         0  defsig_abrt_inner.o ABSOLUTE
    ../clib/signal.s                         0x00000000   Number         0  defsig.o ABSOLUTE
    ../clib/stdio.c                          0x00000000   Number         0  ferror_locked.o ABSOLUTE
    ../clib/stdio.c                          0x00000000   Number         0  ferror.o ABSOLUTE
    ../clib/stdlib.c                         0x00000000   Number         0  exit.o ABSOLUTE
    ../clib/string.c                         0x00000000   Number         0  strlen.o ABSOLUTE
    ../fplib/d2f.s                           0x00000000   Number         0  d2f.o ABSOLUTE
    ../fplib/daddsub.s                       0x00000000   Number         0  daddsub_clz.o ABSOLUTE
    ../fplib/dcmpi.s                         0x00000000   Number         0  dcmpi.o ABSOLUTE
    ../fplib/ddiv.s                          0x00000000   Number         0  ddiv.o ABSOLUTE
    ../fplib/dflt.s                          0x00000000   Number         0  dflt_clz.o ABSOLUTE
    ../fplib/dleqf.s                         0x00000000   Number         0  dleqf.o ABSOLUTE
    ../fplib/dmul.s                          0x00000000   Number         0  dmul.o ABSOLUTE
    ../fplib/dnaninf.s                       0x00000000   Number         0  dnaninf.o ABSOLUTE
    ../fplib/dretinf.s                       0x00000000   Number         0  dretinf.o ABSOLUTE
    ../fplib/drleqf.s                        0x00000000   Number         0  drleqf.o ABSOLUTE
    ../fplib/fpinit.s                        0x00000000   Number         0  fpinit.o ABSOLUTE
    ../fplib/fretinf.s                       0x00000000   Number         0  fretinf.o ABSOLUTE
    ../fplib/istatus.s                       0x00000000   Number         0  istatus.o ABSOLUTE
    ../fplib/printf1.s                       0x00000000   Number         0  printf1.o ABSOLUTE
    ../fplib/printf2.s                       0x00000000   Number         0  printf2.o ABSOLUTE
    ../fplib/printf2a.s                      0x00000000   Number         0  printf2a.o ABSOLUTE
    ../fplib/printf2b.s                      0x00000000   Number         0  printf2b.o ABSOLUTE
    ../fplib/usenofp.s                       0x00000000   Number         0  usenofp.o ABSOLUTE
    ../mathlib/fpclassify.c                  0x00000000   Number         0  fpclassify.o ABSOLUTE
    ..\CMSIS\core_cm3.c                      0x00000000   Number         0  core_cm3.o ABSOLUTE
    ..\CMSIS\system_stm32f10x.c              0x00000000   Number         0  system_stm32f10x.o ABSOLUTE
    ..\Lib\src\misc.c                        0x00000000   Number         0  misc.o ABSOLUTE
    ..\Lib\src\stm32f10x_adc.c               0x00000000   Number         0  stm32f10x_adc.o ABSOLUTE
    ..\Lib\src\stm32f10x_bkp.c               0x00000000   Number         0  stm32f10x_bkp.o ABSOLUTE
    ..\Lib\src\stm32f10x_can.c               0x00000000   Number         0  stm32f10x_can.o ABSOLUTE
    ..\Lib\src\stm32f10x_cec.c               0x00000000   Number         0  stm32f10x_cec.o ABSOLUTE
    ..\Lib\src\stm32f10x_crc.c               0x00000000   Number         0  stm32f10x_crc.o ABSOLUTE
    ..\Lib\src\stm32f10x_dac.c               0x00000000   Number         0  stm32f10x_dac.o ABSOLUTE
    ..\Lib\src\stm32f10x_dbgmcu.c            0x00000000   Number         0  stm32f10x_dbgmcu.o ABSOLUTE
    ..\Lib\src\stm32f10x_dma.c               0x00000000   Number         0  stm32f10x_dma.o ABSOLUTE
    ..\Lib\src\stm32f10x_exti.c              0x00000000   Number         0  stm32f10x_exti.o ABSOLUTE
    ..\Lib\src\stm32f10x_flash.c             0x00000000   Number         0  stm32f10x_flash.o ABSOLUTE
    ..\Lib\src\stm32f10x_fsmc.c              0x00000000   Number         0  stm32f10x_fsmc.o ABSOLUTE
    ..\Lib\src\stm32f10x_gpio.c              0x00000000   Number         0  stm32f10x_gpio.o ABSOLUTE
    ..\Lib\src\stm32f10x_i2c.c               0x00000000   Number         0  stm32f10x_i2c.o ABSOLUTE
    ..\Lib\src\stm32f10x_iwdg.c              0x00000000   Number         0  stm32f10x_iwdg.o ABSOLUTE
    ..\Lib\src\stm32f10x_pwr.c               0x00000000   Number         0  stm32f10x_pwr.o ABSOLUTE
    ..\Lib\src\stm32f10x_rcc.c               0x00000000   Number         0  stm32f10x_rcc.o ABSOLUTE
    ..\Lib\src\stm32f10x_rtc.c               0x00000000   Number         0  stm32f10x_rtc.o ABSOLUTE
    ..\Lib\src\stm32f10x_sdio.c              0x00000000   Number         0  stm32f10x_sdio.o ABSOLUTE
    ..\Lib\src\stm32f10x_spi.c               0x00000000   Number         0  stm32f10x_spi.o ABSOLUTE
    ..\Lib\src\stm32f10x_tim.c               0x00000000   Number         0  stm32f10x_tim.o ABSOLUTE
    ..\Lib\src\stm32f10x_usart.c             0x00000000   Number         0  stm32f10x_usart.o ABSOLUTE
    ..\Lib\src\stm32f10x_wwdg.c              0x00000000   Number         0  stm32f10x_wwdg.o ABSOLUTE
    ..\Startup\startup_stm32f10x_hd.s        0x00000000   Number         0  startup_stm32f10x_hd.o ABSOLUTE
    ..\User\1602lcd.c                        0x00000000   Number         0  1602lcd.o ABSOLUTE
    ..\User\Hardware_SPI_OLED.c              0x00000000   Number         0  hardware_spi_oled.o ABSOLUTE
    ..\User\adc.c                            0x00000000   Number         0  adc.o ABSOLUTE
    ..\User\delay.c                          0x00000000   Number         0  delay.o ABSOLUTE
    ..\User\encoder.c                        0x00000000   Number         0  encoder.o ABSOLUTE
    ..\User\flash.c                          0x00000000   Number         0  flash.o ABSOLUTE
    ..\User\i2c.c                            0x00000000   Number         0  i2c.o ABSOLUTE
    ..\User\led.c                            0x00000000   Number         0  led.o ABSOLUTE
    ..\User\lm75a.c                          0x00000000   Number         0  lm75a.o ABSOLUTE
    ..\User\main.c                           0x00000000   Number         0  main.o ABSOLUTE
    ..\User\matrix_keypad.c                  0x00000000   Number         0  matrix_keypad.o ABSOLUTE
    ..\User\mywdg.c                          0x00000000   Number         0  mywdg.o ABSOLUTE
    ..\User\oled0561.c                       0x00000000   Number         0  oled0561.o ABSOLUTE
    ..\User\pid.c                            0x00000000   Number         0  pid.o ABSOLUTE
    ..\User\pwm.c                            0x00000000   Number         0  pwm.o ABSOLUTE
    ..\User\rtc.c                            0x00000000   Number         0  rtc.o ABSOLUTE
    ..\User\software_spi_oled.c              0x00000000   Number         0  software_spi_oled.o ABSOLUTE
    ..\User\sys_config.c                     0x00000000   Number         0  sys_config.o ABSOLUTE
    ..\User\test.c                           0x00000000   Number         0  test.o ABSOLUTE
    ..\User\timer.c                          0x00000000   Number         0  timer.o ABSOLUTE
    ..\User\usart.c                          0x00000000   Number         0  usart.o ABSOLUTE
    ..\User\w25q128.c                        0x00000000   Number         0  w25q128.o ABSOLUTE
    ..\User\ytpwm.c                          0x00000000   Number         0  ytpwm.o ABSOLUTE
    ..\\CMSIS\\core_cm3.c                    0x00000000   Number         0  core_cm3.o ABSOLUTE
    dc.s                                     0x00000000   Number         0  dc.o ABSOLUTE
    RESET                                    0x08000000   Section      304  startup_stm32f10x_hd.o(RESET)
    !!!main                                  0x08000130   Section        8  __main.o(!!!main)
    !!!scatter                               0x08000138   Section       52  __scatter.o(!!!scatter)
    !!handler_copy                           0x0800016c   Section       26  __scatter_copy.o(!!handler_copy)
    !!handler_zi                             0x08000188   Section       28  __scatter_zi.o(!!handler_zi)
    .ARM.Collect$$libinit$$00000000          0x080001a4   Section        2  libinit.o(.ARM.Collect$$libinit$$00000000)
    .ARM.Collect$$libinit$$00000002          0x080001a6   Section        0  libinit2.o(.ARM.Collect$$libinit$$00000002)
    .ARM.Collect$$libinit$$00000004          0x080001a6   Section        0  libinit2.o(.ARM.Collect$$libinit$$00000004)
    .ARM.Collect$$libinit$$0000000A          0x080001a6   Section        0  libinit2.o(.ARM.Collect$$libinit$$0000000A)
    .ARM.Collect$$libinit$$0000000C          0x080001a6   Section        0  libinit2.o(.ARM.Collect$$libinit$$0000000C)
    .ARM.Collect$$libinit$$0000000E          0x080001a6   Section        0  libinit2.o(.ARM.Collect$$libinit$$0000000E)
    .ARM.Collect$$libinit$$00000011          0x080001a6   Section        0  libinit2.o(.ARM.Collect$$libinit$$00000011)
    .ARM.Collect$$libinit$$00000013          0x080001a6   Section        0  libinit2.o(.ARM.Collect$$libinit$$00000013)
    .ARM.Collect$$libinit$$00000015          0x080001a6   Section        0  libinit2.o(.ARM.Collect$$libinit$$00000015)
    .ARM.Collect$$libinit$$00000017          0x080001a6   Section        0  libinit2.o(.ARM.Collect$$libinit$$00000017)
    .ARM.Collect$$libinit$$00000019          0x080001a6   Section        0  libinit2.o(.ARM.Collect$$libinit$$00000019)
    .ARM.Collect$$libinit$$0000001B          0x080001a6   Section        0  libinit2.o(.ARM.Collect$$libinit$$0000001B)
    .ARM.Collect$$libinit$$0000001D          0x080001a6   Section        0  libinit2.o(.ARM.Collect$$libinit$$0000001D)
    .ARM.Collect$$libinit$$0000001F          0x080001a6   Section        0  libinit2.o(.ARM.Collect$$libinit$$0000001F)
    .ARM.Collect$$libinit$$00000021          0x080001a6   Section        0  libinit2.o(.ARM.Collect$$libinit$$00000021)
    .ARM.Collect$$libinit$$00000023          0x080001a6   Section        0  libinit2.o(.ARM.Collect$$libinit$$00000023)
    .ARM.Collect$$libinit$$00000025          0x080001a6   Section        0  libinit2.o(.ARM.Collect$$libinit$$00000025)
    .ARM.Collect$$libinit$$0000002C          0x080001a6   Section        0  libinit2.o(.ARM.Collect$$libinit$$0000002C)
    .ARM.Collect$$libinit$$0000002E          0x080001a6   Section        0  libinit2.o(.ARM.Collect$$libinit$$0000002E)
    .ARM.Collect$$libinit$$00000030          0x080001a6   Section        0  libinit2.o(.ARM.Collect$$libinit$$00000030)
    .ARM.Collect$$libinit$$00000032          0x080001a6   Section        0  libinit2.o(.ARM.Collect$$libinit$$00000032)
    .ARM.Collect$$libinit$$00000033          0x080001a6   Section        2  libinit2.o(.ARM.Collect$$libinit$$00000033)
    .ARM.Collect$$libshutdown$$00000000      0x080001a8   Section        2  libshutdown.o(.ARM.Collect$$libshutdown$$00000000)
    .ARM.Collect$$libshutdown$$00000002      0x080001aa   Section        0  libshutdown2.o(.ARM.Collect$$libshutdown$$00000002)
    .ARM.Collect$$libshutdown$$00000004      0x080001aa   Section        0  libshutdown2.o(.ARM.Collect$$libshutdown$$00000004)
    .ARM.Collect$$libshutdown$$00000006      0x080001aa   Section        0  libshutdown2.o(.ARM.Collect$$libshutdown$$00000006)
    .ARM.Collect$$libshutdown$$00000009      0x080001aa   Section        0  libshutdown2.o(.ARM.Collect$$libshutdown$$00000009)
    .ARM.Collect$$libshutdown$$0000000C      0x080001aa   Section        0  libshutdown2.o(.ARM.Collect$$libshutdown$$0000000C)
    .ARM.Collect$$libshutdown$$0000000E      0x080001aa   Section        0  libshutdown2.o(.ARM.Collect$$libshutdown$$0000000E)
    .ARM.Collect$$libshutdown$$00000011      0x080001aa   Section        0  libshutdown2.o(.ARM.Collect$$libshutdown$$00000011)
    .ARM.Collect$$libshutdown$$00000012      0x080001aa   Section        2  libshutdown2.o(.ARM.Collect$$libshutdown$$00000012)
    .ARM.Collect$$rtentry$$00000000          0x080001ac   Section        0  __rtentry.o(.ARM.Collect$$rtentry$$00000000)
    .ARM.Collect$$rtentry$$00000002          0x080001ac   Section        0  __rtentry2.o(.ARM.Collect$$rtentry$$00000002)
    .ARM.Collect$$rtentry$$00000004          0x080001ac   Section        6  __rtentry4.o(.ARM.Collect$$rtentry$$00000004)
    .ARM.Collect$$rtentry$$00000009          0x080001b2   Section        0  __rtentry2.o(.ARM.Collect$$rtentry$$00000009)
    .ARM.Collect$$rtentry$$0000000A          0x080001b2   Section        4  __rtentry2.o(.ARM.Collect$$rtentry$$0000000A)
    .ARM.Collect$$rtentry$$0000000C          0x080001b6   Section        0  __rtentry2.o(.ARM.Collect$$rtentry$$0000000C)
    .ARM.Collect$$rtentry$$0000000D          0x080001b6   Section        8  __rtentry2.o(.ARM.Collect$$rtentry$$0000000D)
    .ARM.Collect$$rtexit$$00000000           0x080001be   Section        2  rtexit.o(.ARM.Collect$$rtexit$$00000000)
    .ARM.Collect$$rtexit$$00000002           0x080001c0   Section        0  rtexit2.o(.ARM.Collect$$rtexit$$00000002)
    .ARM.Collect$$rtexit$$00000003           0x080001c0   Section        4  rtexit2.o(.ARM.Collect$$rtexit$$00000003)
    .ARM.Collect$$rtexit$$00000004           0x080001c4   Section        6  rtexit2.o(.ARM.Collect$$rtexit$$00000004)
    .text                                    0x080001cc   Section       64  startup_stm32f10x_hd.o(.text)
    .text                                    0x0800020c   Section        2  use_no_semi_2.o(.text)
    .text                                    0x0800020e   Section      100  rt_memcpy_w.o(.text)
    .text                                    0x08000272   Section        0  heapauxi.o(.text)
    .text                                    0x08000278   Section        2  use_no_semi.o(.text)
    .text                                    0x0800027a   Section       74  sys_stackheap_outer.o(.text)
    .text                                    0x080002c4   Section        0  exit.o(.text)
    .text                                    0x080002d8   Section        8  libspace.o(.text)
    i.Delay_ms                               0x080002e0   Section        0  delay.o(i.Delay_ms)
    i.EXTI0_IRQHandler                       0x08000300   Section        0  encoder.o(i.EXTI0_IRQHandler)
    i.EXTI4_IRQHandler                       0x08000334   Section        0  matrix_keypad.o(i.EXTI4_IRQHandler)
    i.EXTI9_5_IRQHandler                     0x08000430   Section        0  matrix_keypad.o(i.EXTI9_5_IRQHandler)
    i.EXTI_ClearITPendingBit                 0x08000730   Section        0  stm32f10x_exti.o(i.EXTI_ClearITPendingBit)
    i.EXTI_GetITStatus                       0x0800073c   Section        0  stm32f10x_exti.o(i.EXTI_GetITStatus)
    i.EXTI_Init                              0x08000764   Section        0  stm32f10x_exti.o(i.EXTI_Init)
    i.FLASH_PrefetchBufferCmd                0x080007f8   Section        0  stm32f10x_flash.o(i.FLASH_PrefetchBufferCmd)
    i.FLASH_SetLatency                       0x08000814   Section        0  stm32f10x_flash.o(i.FLASH_SetLatency)
    i.GPIO_EXTILineConfig                    0x0800082c   Section        0  stm32f10x_gpio.o(i.GPIO_EXTILineConfig)
    i.GPIO_Init                              0x0800086c   Section        0  stm32f10x_gpio.o(i.GPIO_Init)
    i.GPIO_ReadInputData                     0x08000982   Section        0  stm32f10x_gpio.o(i.GPIO_ReadInputData)
    i.GPIO_ReadOutputDataBit                 0x0800098a   Section        0  stm32f10x_gpio.o(i.GPIO_ReadOutputDataBit)
    i.GPIO_ResetBits                         0x0800099c   Section        0  stm32f10x_gpio.o(i.GPIO_ResetBits)
    i.GPIO_SetBits                           0x080009a0   Section        0  stm32f10x_gpio.o(i.GPIO_SetBits)
    i.GPIO_Write                             0x080009a4   Section        0  stm32f10x_gpio.o(i.GPIO_Write)
    i.GPIO_WriteBit                          0x080009a8   Section        0  stm32f10x_gpio.o(i.GPIO_WriteBit)
    i.I2C1_Configuration                     0x080009b4   Section        0  i2c.o(i.I2C1_Configuration)
    i.I2C_CheckEvent                         0x080009fc   Section        0  stm32f10x_i2c.o(i.I2C_CheckEvent)
    i.I2C_Cmd                                0x08000a26   Section        0  stm32f10x_i2c.o(i.I2C_Cmd)
    i.I2C_GPIO_Init                          0x08000a40   Section        0  i2c.o(i.I2C_GPIO_Init)
    I2C_GPIO_Init                            0x08000a41   Thumb Code    46  i2c.o(i.I2C_GPIO_Init)
    i.I2C_GenerateSTART                      0x08000a74   Section        0  stm32f10x_i2c.o(i.I2C_GenerateSTART)
    i.I2C_GenerateSTOP                       0x08000a8c   Section        0  stm32f10x_i2c.o(i.I2C_GenerateSTOP)
    i.I2C_Init                               0x08000aa4   Section        0  stm32f10x_i2c.o(i.I2C_Init)
    i.I2C_SAND_BYTE                          0x08000b90   Section        0  i2c.o(i.I2C_SAND_BYTE)
    i.I2C_Sand_Buffer                        0x08000c0c   Section        0  i2c.o(i.I2C_Sand_Buffer)
    i.I2C_Send7bitAddress                    0x08000c9c   Section        0  stm32f10x_i2c.o(i.I2C_Send7bitAddress)
    i.I2C_SendData                           0x08000cae   Section        0  stm32f10x_i2c.o(i.I2C_SendData)
    i.Key_NVIC_Config                        0x08000cb2   Section        0  matrix_keypad.o(i.Key_NVIC_Config)
    Key_NVIC_Config                          0x08000cb3   Thumb Code    72  matrix_keypad.o(i.Key_NVIC_Config)
    i.Keypad_Init                            0x08000cfc   Section        0  matrix_keypad.o(i.Keypad_Init)
    i.NVIC_Init                              0x08000db0   Section        0  misc.o(i.NVIC_Init)
    i.NVIC_PriorityGroupConfig               0x08000e20   Section        0  misc.o(i.NVIC_PriorityGroupConfig)
    i.OLED0561_Init                          0x08000e34   Section        0  oled0561.o(i.OLED0561_Init)
    i.OLED_DISPLAY_8x16                      0x08000e48   Section        0  oled0561.o(i.OLED_DISPLAY_8x16)
    i.OLED_DISPLAY_CLEAR                     0x08000ee4   Section        0  oled0561.o(i.OLED_DISPLAY_CLEAR)
    i.OLED_DISPLAY_OFF                       0x08000f28   Section        0  oled0561.o(i.OLED_DISPLAY_OFF)
    i.OLED_DISPLAY_ON                        0x08000f44   Section        0  oled0561.o(i.OLED_DISPLAY_ON)
    i.RCC_APB1PeriphClockCmd                 0x08000f80   Section        0  stm32f10x_rcc.o(i.RCC_APB1PeriphClockCmd)
    i.RCC_APB2PeriphClockCmd                 0x08000fa0   Section        0  stm32f10x_rcc.o(i.RCC_APB2PeriphClockCmd)
    i.RCC_Configuration                      0x08000fc0   Section        0  sys_config.o(i.RCC_Configuration)
    i.RCC_DeInit                             0x08001030   Section        0  stm32f10x_rcc.o(i.RCC_DeInit)
    i.RCC_GetClocksFreq                      0x0800107c   Section        0  stm32f10x_rcc.o(i.RCC_GetClocksFreq)
    i.RCC_GetFlagStatus                      0x08001150   Section        0  stm32f10x_rcc.o(i.RCC_GetFlagStatus)
    i.RCC_GetSYSCLKSource                    0x0800118c   Section        0  stm32f10x_rcc.o(i.RCC_GetSYSCLKSource)
    i.RCC_HCLKConfig                         0x0800119c   Section        0  stm32f10x_rcc.o(i.RCC_HCLKConfig)
    i.RCC_HSEConfig                          0x080011b4   Section        0  stm32f10x_rcc.o(i.RCC_HSEConfig)
    i.RCC_PCLK1Config                        0x08001200   Section        0  stm32f10x_rcc.o(i.RCC_PCLK1Config)
    i.RCC_PCLK2Config                        0x08001218   Section        0  stm32f10x_rcc.o(i.RCC_PCLK2Config)
    i.RCC_PLLCmd                             0x08001230   Section        0  stm32f10x_rcc.o(i.RCC_PLLCmd)
    i.RCC_PLLConfig                          0x0800123c   Section        0  stm32f10x_rcc.o(i.RCC_PLLConfig)
    i.RCC_SYSCLKConfig                       0x08001258   Section        0  stm32f10x_rcc.o(i.RCC_SYSCLKConfig)
    i.RCC_WaitForHSEStartUp                  0x08001270   Section        0  stm32f10x_rcc.o(i.RCC_WaitForHSEStartUp)
    i.RTCAlarm_IRQHandler                    0x080012a8   Section        0  rtc.o(i.RTCAlarm_IRQHandler)
    i.RTC_ClearITPendingBit                  0x080012bc   Section        0  stm32f10x_rtc.o(i.RTC_ClearITPendingBit)
    i.RTC_GetITStatus                        0x080012cc   Section        0  stm32f10x_rtc.o(i.RTC_GetITStatus)
    i.RTC_IRQHandler                         0x080012f0   Section        0  rtc.o(i.RTC_IRQHandler)
    i.RTC_WaitForLastTask                    0x08001304   Section        0  stm32f10x_rtc.o(i.RTC_WaitForLastTask)
    i.SPI_Cmd                                0x08001318   Section        0  stm32f10x_spi.o(i.SPI_Cmd)
    i.SPI_I2S_GetFlagStatus                  0x08001330   Section        0  stm32f10x_spi.o(i.SPI_I2S_GetFlagStatus)
    i.SPI_I2S_ReceiveData                    0x08001342   Section        0  stm32f10x_spi.o(i.SPI_I2S_ReceiveData)
    i.SPI_I2S_SendData                       0x08001348   Section        0  stm32f10x_spi.o(i.SPI_I2S_SendData)
    i.SPI_Init                               0x0800134c   Section        0  stm32f10x_spi.o(i.SPI_Init)
    i.SPI_SendReceiveByte                    0x08001388   Section        0  w25q128.o(i.SPI_SendReceiveByte)
    SPI_SendReceiveByte                      0x08001389   Thumb Code    50  w25q128.o(i.SPI_SendReceiveByte)
    i.SetSysClock                            0x080013c0   Section        0  system_stm32f10x.o(i.SetSysClock)
    SetSysClock                              0x080013c1   Thumb Code     8  system_stm32f10x.o(i.SetSysClock)
    i.SetSysClockTo72                        0x080013c8   Section        0  system_stm32f10x.o(i.SetSysClockTo72)
    SetSysClockTo72                          0x080013c9   Thumb Code   214  system_stm32f10x.o(i.SetSysClockTo72)
    i.SystemInit                             0x080014a8   Section        0  system_stm32f10x.o(i.SystemInit)
    i.TIM2_IRQHandler                        0x08001508   Section        0  timer.o(i.TIM2_IRQHandler)
    i.TIM4_IRQHandler                        0x08001528   Section        0  timer.o(i.TIM4_IRQHandler)
    i.TIM_ClearITPendingBit                  0x0800157c   Section        0  stm32f10x_tim.o(i.TIM_ClearITPendingBit)
    i.TIM_GetCapture1                        0x08001582   Section        0  stm32f10x_tim.o(i.TIM_GetCapture1)
    i.TIM_GetCapture2                        0x08001588   Section        0  stm32f10x_tim.o(i.TIM_GetCapture2)
    i.TIM_GetITStatus                        0x0800158e   Section        0  stm32f10x_tim.o(i.TIM_GetITStatus)
    i.USART1_IRQHandler                      0x080015b0   Section        0  usart.o(i.USART1_IRQHandler)
    i.USART1_Init                            0x08001648   Section        0  usart.o(i.USART1_Init)
    i.USART_Cmd                              0x080016e8   Section        0  stm32f10x_usart.o(i.USART_Cmd)
    i.USART_GetITStatus                      0x08001700   Section        0  stm32f10x_usart.o(i.USART_GetITStatus)
    i.USART_ITConfig                         0x08001754   Section        0  stm32f10x_usart.o(i.USART_ITConfig)
    i.USART_Init                             0x080017a0   Section        0  stm32f10x_usart.o(i.USART_Init)
    i.USART_ReceiveData                      0x08001878   Section        0  stm32f10x_usart.o(i.USART_ReceiveData)
    i.W25Q_Init                              0x08001884   Section        0  w25q128.o(i.W25Q_Init)
    i.W25Q_Read_JEDEC_ID                     0x080018a8   Section        0  w25q128.o(i.W25Q_Read_JEDEC_ID)
    i.W25Q_SPI_Init                          0x08001904   Section        0  w25q128.o(i.W25Q_SPI_Init)
    W25Q_SPI_Init                            0x08001905   Thumb Code   162  w25q128.o(i.W25Q_SPI_Init)
    i._sys_exit                              0x080019b0   Section        0  usart.o(i._sys_exit)
    i.main                                   0x080019b4   Section        0  main.o(i.main)
    .constdata                               0x08001a10   Section     1536  oled0561.o(.constdata)
    .data                                    0x20000000   Section       20  stm32f10x_rcc.o(.data)
    APBAHBPrescTable                         0x20000000   Data          16  stm32f10x_rcc.o(.data)
    ADCPrescTable                            0x20000010   Data           4  stm32f10x_rcc.o(.data)
    .data                                    0x20000014   Section        6  main.o(.data)
    .data                                    0x2000001c   Section       13  usart.o(.data)
    saw_CR                                   0x20000028   Data           1  usart.o(.data)
    .data                                    0x2000002c   Section       20  timer.o(.data)
    NVIC_InitStructure                       0x2000002d   Data           4  timer.o(.data)
    .data                                    0x20000040   Section        2  matrix_keypad.o(.data)
    .bss                                     0x20000044   Section      432  usart.o(.bss)
    .bss                                     0x200001f4   Section       96  libspace.o(.bss)
    HEAP                                     0x20000258   Section      512  startup_stm32f10x_hd.o(HEAP)
    Heap_Mem                                 0x20000258   Data         512  startup_stm32f10x_hd.o(HEAP)
    STACK                                    0x20000458   Section     1024  startup_stm32f10x_hd.o(STACK)
    Stack_Mem                                0x20000458   Data        1024  startup_stm32f10x_hd.o(STACK)
    __initial_sp                             0x20000858   Data           0  startup_stm32f10x_hd.o(STACK)

    Global Symbols

    Symbol Name                              Value     Ov Type        Size  Object(Section)

    BuildAttributes$$THM_ISAv4$P$D$K$B$S$PE$A:L22UL41UL21$X:L11$S22US41US21$IEEE1$IW$USESV6$~STKCKD$USESV7$~SHL$OTIME$ROPI$IEEEJ$EBA8$UX$STANDARDLIB$REQ8$PRES8$EABIv2 0x00000000   Number         0  anon$$obj.o ABSOLUTE
    __ARM_use_no_argv                        0x00000000   Number         0  main.o ABSOLUTE
    _printf_flags                            0x00000000   Number         0  printf_stubs.o ABSOLUTE
    _printf_return_value                     0x00000000   Number         0  printf_stubs.o ABSOLUTE
    _printf_sizespec                         0x00000000   Number         0  printf_stubs.o ABSOLUTE
    _printf_widthprec                        0x00000000   Number         0  printf_stubs.o ABSOLUTE
    __ARM_exceptions_init                     - Undefined Weak Reference
    __alloca_initialize                       - Undefined Weak Reference
    __arm_fini_                               - Undefined Weak Reference
    __arm_preinit_                            - Undefined Weak Reference
    __cpp_initialize__aeabi_                  - Undefined Weak Reference
    __cxa_finalize                            - Undefined Weak Reference
    __sigvec_lookup                           - Undefined Weak Reference
    _atexit_init                              - Undefined Weak Reference
    _call_atexit_fns                          - Undefined Weak Reference
    _clock_init                               - Undefined Weak Reference
    _fp_trap_init                             - Undefined Weak Reference
    _fp_trap_shutdown                         - Undefined Weak Reference
    _get_lc_collate                           - Undefined Weak Reference
    _get_lc_monetary                          - Undefined Weak Reference
    _get_lc_time                              - Undefined Weak Reference
    _getenv_init                              - Undefined Weak Reference
    _handle_redirection                       - Undefined Weak Reference
    _init_alloc                               - Undefined Weak Reference
    _init_user_alloc                          - Undefined Weak Reference
    _initio                                   - Undefined Weak Reference
    _mutex_acquire                            - Undefined Weak Reference
    _mutex_release                            - Undefined Weak Reference
    _printf_mbtowc                            - Undefined Weak Reference
    _printf_wc                                - Undefined Weak Reference
    _rand_init                                - Undefined Weak Reference
    _signal_finish                            - Undefined Weak Reference
    _signal_init                              - Undefined Weak Reference
    _terminate_alloc                          - Undefined Weak Reference
    _terminate_user_alloc                     - Undefined Weak Reference
    _terminateio                              - Undefined Weak Reference
    __Vectors_Size                           0x00000130   Number         0  startup_stm32f10x_hd.o ABSOLUTE
    __Vectors                                0x08000000   Data           4  startup_stm32f10x_hd.o(RESET)
    __Vectors_End                            0x08000130   Data           0  startup_stm32f10x_hd.o(RESET)
    __main                                   0x08000131   Thumb Code     8  __main.o(!!!main)
    __scatterload                            0x08000139   Thumb Code     0  __scatter.o(!!!scatter)
    __scatterload_rt2                        0x08000139   Thumb Code    44  __scatter.o(!!!scatter)
    __scatterload_rt2_thumb_only             0x08000139   Thumb Code     0  __scatter.o(!!!scatter)
    __scatterload_null                       0x08000147   Thumb Code     0  __scatter.o(!!!scatter)
    __scatterload_copy                       0x0800016d   Thumb Code    26  __scatter_copy.o(!!handler_copy)
    __scatterload_zeroinit                   0x08000189   Thumb Code    28  __scatter_zi.o(!!handler_zi)
    __rt_lib_init                            0x080001a5   Thumb Code     0  libinit.o(.ARM.Collect$$libinit$$00000000)
    __rt_lib_init_alloca_1                   0x080001a7   Thumb Code     0  libinit2.o(.ARM.Collect$$libinit$$0000002E)
    __rt_lib_init_argv_1                     0x080001a7   Thumb Code     0  libinit2.o(.ARM.Collect$$libinit$$0000002C)
    __rt_lib_init_atexit_1                   0x080001a7   Thumb Code     0  libinit2.o(.ARM.Collect$$libinit$$0000001B)
    __rt_lib_init_clock_1                    0x080001a7   Thumb Code     0  libinit2.o(.ARM.Collect$$libinit$$00000021)
    __rt_lib_init_cpp_1                      0x080001a7   Thumb Code     0  libinit2.o(.ARM.Collect$$libinit$$00000032)
    __rt_lib_init_exceptions_1               0x080001a7   Thumb Code     0  libinit2.o(.ARM.Collect$$libinit$$00000030)
    __rt_lib_init_fp_1                       0x080001a7   Thumb Code     0  libinit2.o(.ARM.Collect$$libinit$$00000002)
    __rt_lib_init_fp_trap_1                  0x080001a7   Thumb Code     0  libinit2.o(.ARM.Collect$$libinit$$0000001F)
    __rt_lib_init_getenv_1                   0x080001a7   Thumb Code     0  libinit2.o(.ARM.Collect$$libinit$$00000023)
    __rt_lib_init_heap_1                     0x080001a7   Thumb Code     0  libinit2.o(.ARM.Collect$$libinit$$0000000A)
    __rt_lib_init_lc_collate_1               0x080001a7   Thumb Code     0  libinit2.o(.ARM.Collect$$libinit$$00000011)
    __rt_lib_init_lc_ctype_1                 0x080001a7   Thumb Code     0  libinit2.o(.ARM.Collect$$libinit$$00000013)
    __rt_lib_init_lc_monetary_1              0x080001a7   Thumb Code     0  libinit2.o(.ARM.Collect$$libinit$$00000015)
    __rt_lib_init_lc_numeric_1               0x080001a7   Thumb Code     0  libinit2.o(.ARM.Collect$$libinit$$00000017)
    __rt_lib_init_lc_time_1                  0x080001a7   Thumb Code     0  libinit2.o(.ARM.Collect$$libinit$$00000019)
    __rt_lib_init_preinit_1                  0x080001a7   Thumb Code     0  libinit2.o(.ARM.Collect$$libinit$$00000004)
    __rt_lib_init_rand_1                     0x080001a7   Thumb Code     0  libinit2.o(.ARM.Collect$$libinit$$0000000E)
    __rt_lib_init_return                     0x080001a7   Thumb Code     0  libinit2.o(.ARM.Collect$$libinit$$00000033)
    __rt_lib_init_signal_1                   0x080001a7   Thumb Code     0  libinit2.o(.ARM.Collect$$libinit$$0000001D)
    __rt_lib_init_stdio_1                    0x080001a7   Thumb Code     0  libinit2.o(.ARM.Collect$$libinit$$00000025)
    __rt_lib_init_user_alloc_1               0x080001a7   Thumb Code     0  libinit2.o(.ARM.Collect$$libinit$$0000000C)
    __rt_lib_shutdown                        0x080001a9   Thumb Code     0  libshutdown.o(.ARM.Collect$$libshutdown$$00000000)
    __rt_lib_shutdown_cpp_1                  0x080001ab   Thumb Code     0  libshutdown2.o(.ARM.Collect$$libshutdown$$00000004)
    __rt_lib_shutdown_fini_1                 0x080001ab   Thumb Code     0  libshutdown2.o(.ARM.Collect$$libshutdown$$00000002)
    __rt_lib_shutdown_fp_trap_1              0x080001ab   Thumb Code     0  libshutdown2.o(.ARM.Collect$$libshutdown$$00000009)
    __rt_lib_shutdown_heap_1                 0x080001ab   Thumb Code     0  libshutdown2.o(.ARM.Collect$$libshutdown$$00000011)
    __rt_lib_shutdown_return                 0x080001ab   Thumb Code     0  libshutdown2.o(.ARM.Collect$$libshutdown$$00000012)
    __rt_lib_shutdown_signal_1               0x080001ab   Thumb Code     0  libshutdown2.o(.ARM.Collect$$libshutdown$$0000000C)
    __rt_lib_shutdown_stdio_1                0x080001ab   Thumb Code     0  libshutdown2.o(.ARM.Collect$$libshutdown$$00000006)
    __rt_lib_shutdown_user_alloc_1           0x080001ab   Thumb Code     0  libshutdown2.o(.ARM.Collect$$libshutdown$$0000000E)
    __rt_entry                               0x080001ad   Thumb Code     0  __rtentry.o(.ARM.Collect$$rtentry$$00000000)
    __rt_entry_presh_1                       0x080001ad   Thumb Code     0  __rtentry2.o(.ARM.Collect$$rtentry$$00000002)
    __rt_entry_sh                            0x080001ad   Thumb Code     0  __rtentry4.o(.ARM.Collect$$rtentry$$00000004)
    __rt_entry_li                            0x080001b3   Thumb Code     0  __rtentry2.o(.ARM.Collect$$rtentry$$0000000A)
    __rt_entry_postsh_1                      0x080001b3   Thumb Code     0  __rtentry2.o(.ARM.Collect$$rtentry$$00000009)
    __rt_entry_main                          0x080001b7   Thumb Code     0  __rtentry2.o(.ARM.Collect$$rtentry$$0000000D)
    __rt_entry_postli_1                      0x080001b7   Thumb Code     0  __rtentry2.o(.ARM.Collect$$rtentry$$0000000C)
    __rt_exit                                0x080001bf   Thumb Code     0  rtexit.o(.ARM.Collect$$rtexit$$00000000)
    __rt_exit_ls                             0x080001c1   Thumb Code     0  rtexit2.o(.ARM.Collect$$rtexit$$00000003)
    __rt_exit_prels_1                        0x080001c1   Thumb Code     0  rtexit2.o(.ARM.Collect$$rtexit$$00000002)
    __rt_exit_exit                           0x080001c5   Thumb Code     0  rtexit2.o(.ARM.Collect$$rtexit$$00000004)
    Reset_Handler                            0x080001cd   Thumb Code     8  startup_stm32f10x_hd.o(.text)
    NMI_Handler                              0x080001d5   Thumb Code     2  startup_stm32f10x_hd.o(.text)
    HardFault_Handler                        0x080001d7   Thumb Code     2  startup_stm32f10x_hd.o(.text)
    MemManage_Handler                        0x080001d9   Thumb Code     2  startup_stm32f10x_hd.o(.text)
    BusFault_Handler                         0x080001db   Thumb Code     2  startup_stm32f10x_hd.o(.text)
    UsageFault_Handler                       0x080001dd   Thumb Code     2  startup_stm32f10x_hd.o(.text)
    SVC_Handler                              0x080001df   Thumb Code     2  startup_stm32f10x_hd.o(.text)
    DebugMon_Handler                         0x080001e1   Thumb Code     2  startup_stm32f10x_hd.o(.text)
    PendSV_Handler                           0x080001e3   Thumb Code     2  startup_stm32f10x_hd.o(.text)
    SysTick_Handler                          0x080001e5   Thumb Code     2  startup_stm32f10x_hd.o(.text)
    ADC1_2_IRQHandler                        0x080001e7   Thumb Code     0  startup_stm32f10x_hd.o(.text)
    ADC3_IRQHandler                          0x080001e7   Thumb Code     0  startup_stm32f10x_hd.o(.text)
    CAN1_RX1_IRQHandler                      0x080001e7   Thumb Code     0  startup_stm32f10x_hd.o(.text)
    CAN1_SCE_IRQHandler                      0x080001e7   Thumb Code     0  startup_stm32f10x_hd.o(.text)
    DMA1_Channel1_IRQHandler                 0x080001e7   Thumb Code     0  startup_stm32f10x_hd.o(.text)
    DMA1_Channel2_IRQHandler                 0x080001e7   Thumb Code     0  startup_stm32f10x_hd.o(.text)
    DMA1_Channel3_IRQHandler                 0x080001e7   Thumb Code     0  startup_stm32f10x_hd.o(.text)
    DMA1_Channel4_IRQHandler                 0x080001e7   Thumb Code     0  startup_stm32f10x_hd.o(.text)
    DMA1_Channel5_IRQHandler                 0x080001e7   Thumb Code     0  startup_stm32f10x_hd.o(.text)
    DMA1_Channel6_IRQHandler                 0x080001e7   Thumb Code     0  startup_stm32f10x_hd.o(.text)
    DMA1_Channel7_IRQHandler                 0x080001e7   Thumb Code     0  startup_stm32f10x_hd.o(.text)
    DMA2_Channel1_IRQHandler                 0x080001e7   Thumb Code     0  startup_stm32f10x_hd.o(.text)
    DMA2_Channel2_IRQHandler                 0x080001e7   Thumb Code     0  startup_stm32f10x_hd.o(.text)
    DMA2_Channel3_IRQHandler                 0x080001e7   Thumb Code     0  startup_stm32f10x_hd.o(.text)
    DMA2_Channel4_5_IRQHandler               0x080001e7   Thumb Code     0  startup_stm32f10x_hd.o(.text)
    EXTI15_10_IRQHandler                     0x080001e7   Thumb Code     0  startup_stm32f10x_hd.o(.text)
    EXTI1_IRQHandler                         0x080001e7   Thumb Code     0  startup_stm32f10x_hd.o(.text)
    EXTI2_IRQHandler                         0x080001e7   Thumb Code     0  startup_stm32f10x_hd.o(.text)
    EXTI3_IRQHandler                         0x080001e7   Thumb Code     0  startup_stm32f10x_hd.o(.text)
    FLASH_IRQHandler                         0x080001e7   Thumb Code     0  startup_stm32f10x_hd.o(.text)
    FSMC_IRQHandler                          0x080001e7   Thumb Code     0  startup_stm32f10x_hd.o(.text)
    I2C1_ER_IRQHandler                       0x080001e7   Thumb Code     0  startup_stm32f10x_hd.o(.text)
    I2C1_EV_IRQHandler                       0x080001e7   Thumb Code     0  startup_stm32f10x_hd.o(.text)
    I2C2_ER_IRQHandler                       0x080001e7   Thumb Code     0  startup_stm32f10x_hd.o(.text)
    I2C2_EV_IRQHandler                       0x080001e7   Thumb Code     0  startup_stm32f10x_hd.o(.text)
    PVD_IRQHandler                           0x080001e7   Thumb Code     0  startup_stm32f10x_hd.o(.text)
    RCC_IRQHandler                           0x080001e7   Thumb Code     0  startup_stm32f10x_hd.o(.text)
    SDIO_IRQHandler                          0x080001e7   Thumb Code     0  startup_stm32f10x_hd.o(.text)
    SPI1_IRQHandler                          0x080001e7   Thumb Code     0  startup_stm32f10x_hd.o(.text)
    SPI2_IRQHandler                          0x080001e7   Thumb Code     0  startup_stm32f10x_hd.o(.text)
    SPI3_IRQHandler                          0x080001e7   Thumb Code     0  startup_stm32f10x_hd.o(.text)
    TAMPER_IRQHandler                        0x080001e7   Thumb Code     0  startup_stm32f10x_hd.o(.text)
    TIM1_BRK_IRQHandler                      0x080001e7   Thumb Code     0  startup_stm32f10x_hd.o(.text)
    TIM1_CC_IRQHandler                       0x080001e7   Thumb Code     0  startup_stm32f10x_hd.o(.text)
    TIM1_TRG_COM_IRQHandler                  0x080001e7   Thumb Code     0  startup_stm32f10x_hd.o(.text)
    TIM1_UP_IRQHandler                       0x080001e7   Thumb Code     0  startup_stm32f10x_hd.o(.text)
    TIM3_IRQHandler                          0x080001e7   Thumb Code     0  startup_stm32f10x_hd.o(.text)
    TIM5_IRQHandler                          0x080001e7   Thumb Code     0  startup_stm32f10x_hd.o(.text)
    TIM6_IRQHandler                          0x080001e7   Thumb Code     0  startup_stm32f10x_hd.o(.text)
    TIM7_IRQHandler                          0x080001e7   Thumb Code     0  startup_stm32f10x_hd.o(.text)
    TIM8_BRK_IRQHandler                      0x080001e7   Thumb Code     0  startup_stm32f10x_hd.o(.text)
    TIM8_CC_IRQHandler                       0x080001e7   Thumb Code     0  startup_stm32f10x_hd.o(.text)
    TIM8_TRG_COM_IRQHandler                  0x080001e7   Thumb Code     0  startup_stm32f10x_hd.o(.text)
    TIM8_UP_IRQHandler                       0x080001e7   Thumb Code     0  startup_stm32f10x_hd.o(.text)
    UART4_IRQHandler                         0x080001e7   Thumb Code     0  startup_stm32f10x_hd.o(.text)
    UART5_IRQHandler                         0x080001e7   Thumb Code     0  startup_stm32f10x_hd.o(.text)
    USART2_IRQHandler                        0x080001e7   Thumb Code     0  startup_stm32f10x_hd.o(.text)
    USART3_IRQHandler                        0x080001e7   Thumb Code     0  startup_stm32f10x_hd.o(.text)
    USBWakeUp_IRQHandler                     0x080001e7   Thumb Code     0  startup_stm32f10x_hd.o(.text)
    USB_HP_CAN1_TX_IRQHandler                0x080001e7   Thumb Code     0  startup_stm32f10x_hd.o(.text)
    USB_LP_CAN1_RX0_IRQHandler               0x080001e7   Thumb Code     0  startup_stm32f10x_hd.o(.text)
    WWDG_IRQHandler                          0x080001e7   Thumb Code     0  startup_stm32f10x_hd.o(.text)
    __user_initial_stackheap                 0x080001e9   Thumb Code     0  startup_stm32f10x_hd.o(.text)
    __use_no_semihosting                     0x0800020d   Thumb Code     2  use_no_semi_2.o(.text)
    __aeabi_memcpy4                          0x0800020f   Thumb Code     0  rt_memcpy_w.o(.text)
    __aeabi_memcpy8                          0x0800020f   Thumb Code     0  rt_memcpy_w.o(.text)
    __rt_memcpy_w                            0x0800020f   Thumb Code   100  rt_memcpy_w.o(.text)
    _memcpy_lastbytes_aligned                0x08000257   Thumb Code     0  rt_memcpy_w.o(.text)
    __use_two_region_memory                  0x08000273   Thumb Code     2  heapauxi.o(.text)
    __rt_heap_escrow$2region                 0x08000275   Thumb Code     2  heapauxi.o(.text)
    __rt_heap_expand$2region                 0x08000277   Thumb Code     2  heapauxi.o(.text)
    __I$use$semihosting                      0x08000279   Thumb Code     0  use_no_semi.o(.text)
    __use_no_semihosting_swi                 0x08000279   Thumb Code     2  use_no_semi.o(.text)
    __user_setup_stackheap                   0x0800027b   Thumb Code    74  sys_stackheap_outer.o(.text)
    exit                                     0x080002c5   Thumb Code    18  exit.o(.text)
    __user_libspace                          0x080002d9   Thumb Code     8  libspace.o(.text)
    __user_perproc_libspace                  0x080002d9   Thumb Code     0  libspace.o(.text)
    __user_perthread_libspace                0x080002d9   Thumb Code     0  libspace.o(.text)
    Delay_ms                                 0x080002e1   Thumb Code    30  delay.o(i.Delay_ms)
    EXTI0_IRQHandler                         0x08000301   Thumb Code    46  encoder.o(i.EXTI0_IRQHandler)
    EXTI4_IRQHandler                         0x08000335   Thumb Code   242  matrix_keypad.o(i.EXTI4_IRQHandler)
    EXTI9_5_IRQHandler                       0x08000431   Thumb Code   760  matrix_keypad.o(i.EXTI9_5_IRQHandler)
    EXTI_ClearITPendingBit                   0x08000731   Thumb Code     6  stm32f10x_exti.o(i.EXTI_ClearITPendingBit)
    EXTI_GetITStatus                         0x0800073d   Thumb Code    34  stm32f10x_exti.o(i.EXTI_GetITStatus)
    EXTI_Init                                0x08000765   Thumb Code   142  stm32f10x_exti.o(i.EXTI_Init)
    FLASH_PrefetchBufferCmd                  0x080007f9   Thumb Code    22  stm32f10x_flash.o(i.FLASH_PrefetchBufferCmd)
    FLASH_SetLatency                         0x08000815   Thumb Code    18  stm32f10x_flash.o(i.FLASH_SetLatency)
    GPIO_EXTILineConfig                      0x0800082d   Thumb Code    60  stm32f10x_gpio.o(i.GPIO_EXTILineConfig)
    GPIO_Init                                0x0800086d   Thumb Code   278  stm32f10x_gpio.o(i.GPIO_Init)
    GPIO_ReadInputData                       0x08000983   Thumb Code     8  stm32f10x_gpio.o(i.GPIO_ReadInputData)
    GPIO_ReadOutputDataBit                   0x0800098b   Thumb Code    18  stm32f10x_gpio.o(i.GPIO_ReadOutputDataBit)
    GPIO_ResetBits                           0x0800099d   Thumb Code     4  stm32f10x_gpio.o(i.GPIO_ResetBits)
    GPIO_SetBits                             0x080009a1   Thumb Code     4  stm32f10x_gpio.o(i.GPIO_SetBits)
    GPIO_Write                               0x080009a5   Thumb Code     4  stm32f10x_gpio.o(i.GPIO_Write)
    GPIO_WriteBit                            0x080009a9   Thumb Code    10  stm32f10x_gpio.o(i.GPIO_WriteBit)
    I2C1_Configuration                       0x080009b5   Thumb Code    62  i2c.o(i.I2C1_Configuration)
    I2C_CheckEvent                           0x080009fd   Thumb Code    42  stm32f10x_i2c.o(i.I2C_CheckEvent)
    I2C_Cmd                                  0x08000a27   Thumb Code    24  stm32f10x_i2c.o(i.I2C_Cmd)
    I2C_GenerateSTART                        0x08000a75   Thumb Code    24  stm32f10x_i2c.o(i.I2C_GenerateSTART)
    I2C_GenerateSTOP                         0x08000a8d   Thumb Code    24  stm32f10x_i2c.o(i.I2C_GenerateSTOP)
    I2C_Init                                 0x08000aa5   Thumb Code   222  stm32f10x_i2c.o(i.I2C_Init)
    I2C_SAND_BYTE                            0x08000b91   Thumb Code   112  i2c.o(i.I2C_SAND_BYTE)
    I2C_Sand_Buffer                          0x08000c0d   Thumb Code   132  i2c.o(i.I2C_Sand_Buffer)
    I2C_Send7bitAddress                      0x08000c9d   Thumb Code    18  stm32f10x_i2c.o(i.I2C_Send7bitAddress)
    I2C_SendData                             0x08000caf   Thumb Code     4  stm32f10x_i2c.o(i.I2C_SendData)
    Keypad_Init                              0x08000cfd   Thumb Code   174  matrix_keypad.o(i.Keypad_Init)
    NVIC_Init                                0x08000db1   Thumb Code   100  misc.o(i.NVIC_Init)
    NVIC_PriorityGroupConfig                 0x08000e21   Thumb Code    10  misc.o(i.NVIC_PriorityGroupConfig)
    OLED0561_Init                            0x08000e35   Thumb Code    20  oled0561.o(i.OLED0561_Init)
    OLED_DISPLAY_8x16                        0x08000e49   Thumb Code   150  oled0561.o(i.OLED_DISPLAY_8x16)
    OLED_DISPLAY_CLEAR                       0x08000ee5   Thumb Code    68  oled0561.o(i.OLED_DISPLAY_CLEAR)
    OLED_DISPLAY_OFF                         0x08000f29   Thumb Code    22  oled0561.o(i.OLED_DISPLAY_OFF)
    OLED_DISPLAY_ON                          0x08000f45   Thumb Code    30  oled0561.o(i.OLED_DISPLAY_ON)
    RCC_APB1PeriphClockCmd                   0x08000f81   Thumb Code    26  stm32f10x_rcc.o(i.RCC_APB1PeriphClockCmd)
    RCC_APB2PeriphClockCmd                   0x08000fa1   Thumb Code    26  stm32f10x_rcc.o(i.RCC_APB2PeriphClockCmd)
    RCC_Configuration                        0x08000fc1   Thumb Code   110  sys_config.o(i.RCC_Configuration)
    RCC_DeInit                               0x08001031   Thumb Code    64  stm32f10x_rcc.o(i.RCC_DeInit)
    RCC_GetClocksFreq                        0x0800107d   Thumb Code   192  stm32f10x_rcc.o(i.RCC_GetClocksFreq)
    RCC_GetFlagStatus                        0x08001151   Thumb Code    56  stm32f10x_rcc.o(i.RCC_GetFlagStatus)
    RCC_GetSYSCLKSource                      0x0800118d   Thumb Code    10  stm32f10x_rcc.o(i.RCC_GetSYSCLKSource)
    RCC_HCLKConfig                           0x0800119d   Thumb Code    18  stm32f10x_rcc.o(i.RCC_HCLKConfig)
    RCC_HSEConfig                            0x080011b5   Thumb Code    70  stm32f10x_rcc.o(i.RCC_HSEConfig)
    RCC_PCLK1Config                          0x08001201   Thumb Code    18  stm32f10x_rcc.o(i.RCC_PCLK1Config)
    RCC_PCLK2Config                          0x08001219   Thumb Code    20  stm32f10x_rcc.o(i.RCC_PCLK2Config)
    RCC_PLLCmd                               0x08001231   Thumb Code     6  stm32f10x_rcc.o(i.RCC_PLLCmd)
    RCC_PLLConfig                            0x0800123d   Thumb Code    24  stm32f10x_rcc.o(i.RCC_PLLConfig)
    RCC_SYSCLKConfig                         0x08001259   Thumb Code    18  stm32f10x_rcc.o(i.RCC_SYSCLKConfig)
    RCC_WaitForHSEStartUp                    0x08001271   Thumb Code    56  stm32f10x_rcc.o(i.RCC_WaitForHSEStartUp)
    RTCAlarm_IRQHandler                      0x080012a9   Thumb Code    20  rtc.o(i.RTCAlarm_IRQHandler)
    RTC_ClearITPendingBit                    0x080012bd   Thumb Code    12  stm32f10x_rtc.o(i.RTC_ClearITPendingBit)
    RTC_GetITStatus                          0x080012cd   Thumb Code    32  stm32f10x_rtc.o(i.RTC_GetITStatus)
    RTC_IRQHandler                           0x080012f1   Thumb Code    20  rtc.o(i.RTC_IRQHandler)
    RTC_WaitForLastTask                      0x08001305   Thumb Code    16  stm32f10x_rtc.o(i.RTC_WaitForLastTask)
    SPI_Cmd                                  0x08001319   Thumb Code    24  stm32f10x_spi.o(i.SPI_Cmd)
    SPI_I2S_GetFlagStatus                    0x08001331   Thumb Code    18  stm32f10x_spi.o(i.SPI_I2S_GetFlagStatus)
    SPI_I2S_ReceiveData                      0x08001343   Thumb Code     6  stm32f10x_spi.o(i.SPI_I2S_ReceiveData)
    SPI_I2S_SendData                         0x08001349   Thumb Code     4  stm32f10x_spi.o(i.SPI_I2S_SendData)
    SPI_Init                                 0x0800134d   Thumb Code    60  stm32f10x_spi.o(i.SPI_Init)
    SystemInit                               0x080014a9   Thumb Code    78  system_stm32f10x.o(i.SystemInit)
    TIM2_IRQHandler                          0x08001509   Thumb Code    28  timer.o(i.TIM2_IRQHandler)
    TIM4_IRQHandler                          0x08001529   Thumb Code    68  timer.o(i.TIM4_IRQHandler)
    TIM_ClearITPendingBit                    0x0800157d   Thumb Code     6  stm32f10x_tim.o(i.TIM_ClearITPendingBit)
    TIM_GetCapture1                          0x08001583   Thumb Code     6  stm32f10x_tim.o(i.TIM_GetCapture1)
    TIM_GetCapture2                          0x08001589   Thumb Code     6  stm32f10x_tim.o(i.TIM_GetCapture2)
    TIM_GetITStatus                          0x0800158f   Thumb Code    34  stm32f10x_tim.o(i.TIM_GetITStatus)
    USART1_IRQHandler                        0x080015b1   Thumb Code   122  usart.o(i.USART1_IRQHandler)
    USART1_Init                              0x08001649   Thumb Code   150  usart.o(i.USART1_Init)
    USART_Cmd                                0x080016e9   Thumb Code    24  stm32f10x_usart.o(i.USART_Cmd)
    USART_GetITStatus                        0x08001701   Thumb Code    84  stm32f10x_usart.o(i.USART_GetITStatus)
    USART_ITConfig                           0x08001755   Thumb Code    74  stm32f10x_usart.o(i.USART_ITConfig)
    USART_Init                               0x080017a1   Thumb Code   210  stm32f10x_usart.o(i.USART_Init)
    USART_ReceiveData                        0x08001879   Thumb Code    10  stm32f10x_usart.o(i.USART_ReceiveData)
    W25Q_Init                                0x08001885   Thumb Code    30  w25q128.o(i.W25Q_Init)
    W25Q_Read_JEDEC_ID                       0x080018a9   Thumb Code    86  w25q128.o(i.W25Q_Read_JEDEC_ID)
    _sys_exit                                0x080019b1   Thumb Code     4  usart.o(i._sys_exit)
    main                                     0x080019b5   Thumb Code    70  main.o(i.main)
    ASC2_8x16                                0x08001a10   Data        1536  oled0561.o(.constdata)
    Region$$Table$$Base                      0x08002010   Number         0  anon$$obj.o(Region$$Table)
    Region$$Table$$Limit                     0x08002030   Number         0  anon$$obj.o(Region$$Table)
    cnt                                      0x20000014   Data           2  main.o(.data)
    pwm                                      0x20000016   Data           1  main.o(.data)
    get_keypad_value                         0x20000017   Data           1  main.o(.data)
    current_speed                            0x20000018   Data           2  main.o(.data)
    rx_index                                 0x2000001c   Data           1  usart.o(.data)
    rx_flag                                  0x2000001d   Data           1  usart.o(.data)
    get_string_flag                          0x2000001e   Data           1  usart.o(.data)
    single_char                              0x2000001f   Data           1  usart.o(.data)
    __stdout                                 0x20000020   Data           4  usart.o(.data)
    USART1_RX_STA                            0x20000024   Data           2  usart.o(.data)
    UART4_RX_STA                             0x20000026   Data           2  usart.o(.data)
    timer_flag                               0x2000002c   Data           1  timer.o(.data)
    ic_rise                                  0x20000034   Data           4  timer.o(.data)
    ic_fall                                  0x20000038   Data           4  timer.o(.data)
    pulse_width                              0x2000003c   Data           4  timer.o(.data)
    Key_Value                                0x20000040   Data           1  matrix_keypad.o(.data)
    interrupt                                0x20000041   Data           1  matrix_keypad.o(.data)
    rx_buf                                   0x20000044   Data          32  usart.o(.bss)
    USART1_RX_BUF                            0x20000064   Data         200  usart.o(.bss)
    USART4_RX_BUF                            0x2000012c   Data         200  usart.o(.bss)
    __libspace_start                         0x200001f4   Data          96  libspace.o(.bss)
    __temporary_stack_top$libspace           0x20000254   Data           0  libspace.o(.bss)



==============================================================================

Memory Map of the image

  Image Entry point : 0x08000131

  Load Region LR_IROM1 (Base: 0x08000000, Size: 0x00002074, Max: 0x00080000, ABSOLUTE)

    Execution Region ER_IROM1 (Exec base: 0x08000000, Load base: 0x08000000, Size: 0x00002030, Max: 0x00080000, ABSOLUTE)

    Exec Addr    Load Addr    Size         Type   Attr      Idx    E Section Name        Object

    0x08000000   0x08000000   0x00000130   Data   RO         3103    RESET               startup_stm32f10x_hd.o
    0x08000130   0x08000130   0x00000008   Code   RO         4157  * !!!main             c_w.l(__main.o)
    0x08000138   0x08000138   0x00000034   Code   RO         4490    !!!scatter          c_w.l(__scatter.o)
    0x0800016c   0x0800016c   0x0000001a   Code   RO         4492    !!handler_copy      c_w.l(__scatter_copy.o)
    0x08000186   0x08000186   0x00000002   PAD
    0x08000188   0x08000188   0x0000001c   Code   RO         4494    !!handler_zi        c_w.l(__scatter_zi.o)
    0x080001a4   0x080001a4   0x00000002   Code   RO         4353    .ARM.Collect$$libinit$$00000000  c_w.l(libinit.o)
    0x080001a6   0x080001a6   0x00000000   Code   RO         4369    .ARM.Collect$$libinit$$00000002  c_w.l(libinit2.o)
    0x080001a6   0x080001a6   0x00000000   Code   RO         4371    .ARM.Collect$$libinit$$00000004  c_w.l(libinit2.o)
    0x080001a6   0x080001a6   0x00000000   Code   RO         4374    .ARM.Collect$$libinit$$0000000A  c_w.l(libinit2.o)
    0x080001a6   0x080001a6   0x00000000   Code   RO         4376    .ARM.Collect$$libinit$$0000000C  c_w.l(libinit2.o)
    0x080001a6   0x080001a6   0x00000000   Code   RO         4378    .ARM.Collect$$libinit$$0000000E  c_w.l(libinit2.o)
    0x080001a6   0x080001a6   0x00000000   Code   RO         4381    .ARM.Collect$$libinit$$00000011  c_w.l(libinit2.o)
    0x080001a6   0x080001a6   0x00000000   Code   RO         4383    .ARM.Collect$$libinit$$00000013  c_w.l(libinit2.o)
    0x080001a6   0x080001a6   0x00000000   Code   RO         4385    .ARM.Collect$$libinit$$00000015  c_w.l(libinit2.o)
    0x080001a6   0x080001a6   0x00000000   Code   RO         4387    .ARM.Collect$$libinit$$00000017  c_w.l(libinit2.o)
    0x080001a6   0x080001a6   0x00000000   Code   RO         4389    .ARM.Collect$$libinit$$00000019  c_w.l(libinit2.o)
    0x080001a6   0x080001a6   0x00000000   Code   RO         4391    .ARM.Collect$$libinit$$0000001B  c_w.l(libinit2.o)
    0x080001a6   0x080001a6   0x00000000   Code   RO         4393    .ARM.Collect$$libinit$$0000001D  c_w.l(libinit2.o)
    0x080001a6   0x080001a6   0x00000000   Code   RO         4395    .ARM.Collect$$libinit$$0000001F  c_w.l(libinit2.o)
    0x080001a6   0x080001a6   0x00000000   Code   RO         4397    .ARM.Collect$$libinit$$00000021  c_w.l(libinit2.o)
    0x080001a6   0x080001a6   0x00000000   Code   RO         4399    .ARM.Collect$$libinit$$00000023  c_w.l(libinit2.o)
    0x080001a6   0x080001a6   0x00000000   Code   RO         4401    .ARM.Collect$$libinit$$00000025  c_w.l(libinit2.o)
    0x080001a6   0x080001a6   0x00000000   Code   RO         4405    .ARM.Collect$$libinit$$0000002C  c_w.l(libinit2.o)
    0x080001a6   0x080001a6   0x00000000   Code   RO         4407    .ARM.Collect$$libinit$$0000002E  c_w.l(libinit2.o)
    0x080001a6   0x080001a6   0x00000000   Code   RO         4409    .ARM.Collect$$libinit$$00000030  c_w.l(libinit2.o)
    0x080001a6   0x080001a6   0x00000000   Code   RO         4411    .ARM.Collect$$libinit$$00000032  c_w.l(libinit2.o)
    0x080001a6   0x080001a6   0x00000002   Code   RO         4412    .ARM.Collect$$libinit$$00000033  c_w.l(libinit2.o)
    0x080001a8   0x080001a8   0x00000002   Code   RO         4430    .ARM.Collect$$libshutdown$$00000000  c_w.l(libshutdown.o)
    0x080001aa   0x080001aa   0x00000000   Code   RO         4440    .ARM.Collect$$libshutdown$$00000002  c_w.l(libshutdown2.o)
    0x080001aa   0x080001aa   0x00000000   Code   RO         4442    .ARM.Collect$$libshutdown$$00000004  c_w.l(libshutdown2.o)
    0x080001aa   0x080001aa   0x00000000   Code   RO         4444    .ARM.Collect$$libshutdown$$00000006  c_w.l(libshutdown2.o)
    0x080001aa   0x080001aa   0x00000000   Code   RO         4447    .ARM.Collect$$libshutdown$$00000009  c_w.l(libshutdown2.o)
    0x080001aa   0x080001aa   0x00000000   Code   RO         4450    .ARM.Collect$$libshutdown$$0000000C  c_w.l(libshutdown2.o)
    0x080001aa   0x080001aa   0x00000000   Code   RO         4452    .ARM.Collect$$libshutdown$$0000000E  c_w.l(libshutdown2.o)
    0x080001aa   0x080001aa   0x00000000   Code   RO         4455    .ARM.Collect$$libshutdown$$00000011  c_w.l(libshutdown2.o)
    0x080001aa   0x080001aa   0x00000002   Code   RO         4456    .ARM.Collect$$libshutdown$$00000012  c_w.l(libshutdown2.o)
    0x080001ac   0x080001ac   0x00000000   Code   RO         4185    .ARM.Collect$$rtentry$$00000000  c_w.l(__rtentry.o)
    0x080001ac   0x080001ac   0x00000000   Code   RO         4274    .ARM.Collect$$rtentry$$00000002  c_w.l(__rtentry2.o)
    0x080001ac   0x080001ac   0x00000006   Code   RO         4286    .ARM.Collect$$rtentry$$00000004  c_w.l(__rtentry4.o)
    0x080001b2   0x080001b2   0x00000000   Code   RO         4276    .ARM.Collect$$rtentry$$00000009  c_w.l(__rtentry2.o)
    0x080001b2   0x080001b2   0x00000004   Code   RO         4277    .ARM.Collect$$rtentry$$0000000A  c_w.l(__rtentry2.o)
    0x080001b6   0x080001b6   0x00000000   Code   RO         4279    .ARM.Collect$$rtentry$$0000000C  c_w.l(__rtentry2.o)
    0x080001b6   0x080001b6   0x00000008   Code   RO         4280    .ARM.Collect$$rtentry$$0000000D  c_w.l(__rtentry2.o)
    0x080001be   0x080001be   0x00000002   Code   RO         4361    .ARM.Collect$$rtexit$$00000000  c_w.l(rtexit.o)
    0x080001c0   0x080001c0   0x00000000   Code   RO         4414    .ARM.Collect$$rtexit$$00000002  c_w.l(rtexit2.o)
    0x080001c0   0x080001c0   0x00000004   Code   RO         4415    .ARM.Collect$$rtexit$$00000003  c_w.l(rtexit2.o)
    0x080001c4   0x080001c4   0x00000006   Code   RO         4416    .ARM.Collect$$rtexit$$00000004  c_w.l(rtexit2.o)
    0x080001ca   0x080001ca   0x00000002   PAD
    0x080001cc   0x080001cc   0x00000040   Code   RO         3104    .text               startup_stm32f10x_hd.o
    0x0800020c   0x0800020c   0x00000002   Code   RO         4111    .text               c_w.l(use_no_semi_2.o)
    0x0800020e   0x0800020e   0x00000064   Code   RO         4153    .text               c_w.l(rt_memcpy_w.o)
    0x08000272   0x08000272   0x00000006   Code   RO         4155    .text               c_w.l(heapauxi.o)
    0x08000278   0x08000278   0x00000002   Code   RO         4183    .text               c_w.l(use_no_semi.o)
    0x0800027a   0x0800027a   0x0000004a   Code   RO         4307    .text               c_w.l(sys_stackheap_outer.o)
    0x080002c4   0x080002c4   0x00000012   Code   RO         4346    .text               c_w.l(exit.o)
    0x080002d6   0x080002d6   0x00000002   PAD
    0x080002d8   0x080002d8   0x00000008   Code   RO         4358    .text               c_w.l(libspace.o)
    0x080002e0   0x080002e0   0x0000001e   Code   RO         3190    i.Delay_ms          delay.o
    0x080002fe   0x080002fe   0x00000002   PAD
    0x08000300   0x08000300   0x00000034   Code   RO         3322    i.EXTI0_IRQHandler  encoder.o
    0x08000334   0x08000334   0x000000fc   Code   RO         3977    i.EXTI4_IRQHandler  matrix_keypad.o
    0x08000430   0x08000430   0x00000300   Code   RO         3978    i.EXTI9_5_IRQHandler  matrix_keypad.o
    0x08000730   0x08000730   0x0000000c   Code   RO          932    i.EXTI_ClearITPendingBit  stm32f10x_exti.o
    0x0800073c   0x0800073c   0x00000028   Code   RO          936    i.EXTI_GetITStatus  stm32f10x_exti.o
    0x08000764   0x08000764   0x00000094   Code   RO          937    i.EXTI_Init         stm32f10x_exti.o
    0x080007f8   0x080007f8   0x0000001c   Code   RO         1002    i.FLASH_PrefetchBufferCmd  stm32f10x_flash.o
    0x08000814   0x08000814   0x00000018   Code   RO         1007    i.FLASH_SetLatency  stm32f10x_flash.o
    0x0800082c   0x0800082c   0x00000040   Code   RO         1282    i.GPIO_EXTILineConfig  stm32f10x_gpio.o
    0x0800086c   0x0800086c   0x00000116   Code   RO         1285    i.GPIO_Init         stm32f10x_gpio.o
    0x08000982   0x08000982   0x00000008   Code   RO         1288    i.GPIO_ReadInputData  stm32f10x_gpio.o
    0x0800098a   0x0800098a   0x00000012   Code   RO         1291    i.GPIO_ReadOutputDataBit  stm32f10x_gpio.o
    0x0800099c   0x0800099c   0x00000004   Code   RO         1292    i.GPIO_ResetBits    stm32f10x_gpio.o
    0x080009a0   0x080009a0   0x00000004   Code   RO         1293    i.GPIO_SetBits      stm32f10x_gpio.o
    0x080009a4   0x080009a4   0x00000004   Code   RO         1295    i.GPIO_Write        stm32f10x_gpio.o
    0x080009a8   0x080009a8   0x0000000a   Code   RO         1296    i.GPIO_WriteBit     stm32f10x_gpio.o
    0x080009b2   0x080009b2   0x00000002   PAD
    0x080009b4   0x080009b4   0x00000048   Code   RO         3483    i.I2C1_Configuration  i2c.o
    0x080009fc   0x080009fc   0x0000002a   Code   RO         1396    i.I2C_CheckEvent    stm32f10x_i2c.o
    0x08000a26   0x08000a26   0x00000018   Code   RO         1399    i.I2C_Cmd           stm32f10x_i2c.o
    0x08000a3e   0x08000a3e   0x00000002   PAD
    0x08000a40   0x08000a40   0x00000034   Code   RO         3484    i.I2C_GPIO_Init     i2c.o
    0x08000a74   0x08000a74   0x00000018   Code   RO         1406    i.I2C_GenerateSTART  stm32f10x_i2c.o
    0x08000a8c   0x08000a8c   0x00000018   Code   RO         1407    i.I2C_GenerateSTOP  stm32f10x_i2c.o
    0x08000aa4   0x08000aa4   0x000000ec   Code   RO         1413    i.I2C_Init          stm32f10x_i2c.o
    0x08000b90   0x08000b90   0x0000007c   Code   RO         3487    i.I2C_SAND_BYTE     i2c.o
    0x08000c0c   0x08000c0c   0x00000090   Code   RO         3488    i.I2C_Sand_Buffer   i2c.o
    0x08000c9c   0x08000c9c   0x00000012   Code   RO         1420    i.I2C_Send7bitAddress  stm32f10x_i2c.o
    0x08000cae   0x08000cae   0x00000004   Code   RO         1421    i.I2C_SendData      stm32f10x_i2c.o
    0x08000cb2   0x08000cb2   0x00000048   Code   RO         3979    i.Key_NVIC_Config   matrix_keypad.o
    0x08000cfa   0x08000cfa   0x00000002   PAD
    0x08000cfc   0x08000cfc   0x000000b4   Code   RO         3980    i.Keypad_Init       matrix_keypad.o
    0x08000db0   0x08000db0   0x00000070   Code   RO          130    i.NVIC_Init         misc.o
    0x08000e20   0x08000e20   0x00000014   Code   RO          131    i.NVIC_PriorityGroupConfig  misc.o
    0x08000e34   0x08000e34   0x00000014   Code   RO         3429    i.OLED0561_Init     oled0561.o
    0x08000e48   0x08000e48   0x0000009c   Code   RO         3430    i.OLED_DISPLAY_8x16  oled0561.o
    0x08000ee4   0x08000ee4   0x00000044   Code   RO         3432    i.OLED_DISPLAY_CLEAR  oled0561.o
    0x08000f28   0x08000f28   0x0000001c   Code   RO         3434    i.OLED_DISPLAY_OFF  oled0561.o
    0x08000f44   0x08000f44   0x0000003c   Code   RO         3435    i.OLED_DISPLAY_ON   oled0561.o
    0x08000f80   0x08000f80   0x00000020   Code   RO         1701    i.RCC_APB1PeriphClockCmd  stm32f10x_rcc.o
    0x08000fa0   0x08000fa0   0x00000020   Code   RO         1703    i.RCC_APB2PeriphClockCmd  stm32f10x_rcc.o
    0x08000fc0   0x08000fc0   0x0000006e   Code   RO         3290    i.RCC_Configuration  sys_config.o
    0x0800102e   0x0800102e   0x00000002   PAD
    0x08001030   0x08001030   0x0000004c   Code   RO         1710    i.RCC_DeInit        stm32f10x_rcc.o
    0x0800107c   0x0800107c   0x000000d4   Code   RO         1711    i.RCC_GetClocksFreq  stm32f10x_rcc.o
    0x08001150   0x08001150   0x0000003c   Code   RO         1712    i.RCC_GetFlagStatus  stm32f10x_rcc.o
    0x0800118c   0x0800118c   0x00000010   Code   RO         1714    i.RCC_GetSYSCLKSource  stm32f10x_rcc.o
    0x0800119c   0x0800119c   0x00000018   Code   RO         1715    i.RCC_HCLKConfig    stm32f10x_rcc.o
    0x080011b4   0x080011b4   0x0000004c   Code   RO         1716    i.RCC_HSEConfig     stm32f10x_rcc.o
    0x08001200   0x08001200   0x00000018   Code   RO         1722    i.RCC_PCLK1Config   stm32f10x_rcc.o
    0x08001218   0x08001218   0x00000018   Code   RO         1723    i.RCC_PCLK2Config   stm32f10x_rcc.o
    0x08001230   0x08001230   0x0000000c   Code   RO         1724    i.RCC_PLLCmd        stm32f10x_rcc.o
    0x0800123c   0x0800123c   0x0000001c   Code   RO         1725    i.RCC_PLLConfig     stm32f10x_rcc.o
    0x08001258   0x08001258   0x00000018   Code   RO         1728    i.RCC_SYSCLKConfig  stm32f10x_rcc.o
    0x08001270   0x08001270   0x00000038   Code   RO         1730    i.RCC_WaitForHSEStartUp  stm32f10x_rcc.o
    0x080012a8   0x080012a8   0x00000014   Code   RO         3600    i.RTCAlarm_IRQHandler  rtc.o
    0x080012bc   0x080012bc   0x00000010   Code   RO         1900    i.RTC_ClearITPendingBit  stm32f10x_rtc.o
    0x080012cc   0x080012cc   0x00000024   Code   RO         1906    i.RTC_GetITStatus   stm32f10x_rtc.o
    0x080012f0   0x080012f0   0x00000014   Code   RO         3604    i.RTC_IRQHandler    rtc.o
    0x08001304   0x08001304   0x00000014   Code   RO         1911    i.RTC_WaitForLastTask  stm32f10x_rtc.o
    0x08001318   0x08001318   0x00000018   Code   RO         2180    i.SPI_Cmd           stm32f10x_spi.o
    0x08001330   0x08001330   0x00000012   Code   RO         2188    i.SPI_I2S_GetFlagStatus  stm32f10x_spi.o
    0x08001342   0x08001342   0x00000006   Code   RO         2191    i.SPI_I2S_ReceiveData  stm32f10x_spi.o
    0x08001348   0x08001348   0x00000004   Code   RO         2192    i.SPI_I2S_SendData  stm32f10x_spi.o
    0x0800134c   0x0800134c   0x0000003c   Code   RO         2193    i.SPI_Init          stm32f10x_spi.o
    0x08001388   0x08001388   0x00000038   Code   RO         4036    i.SPI_SendReceiveByte  w25q128.o
    0x080013c0   0x080013c0   0x00000008   Code   RO           17    i.SetSysClock       system_stm32f10x.o
    0x080013c8   0x080013c8   0x000000e0   Code   RO           18    i.SetSysClockTo72   system_stm32f10x.o
    0x080014a8   0x080014a8   0x00000060   Code   RO           20    i.SystemInit        system_stm32f10x.o
    0x08001508   0x08001508   0x00000020   Code   RO         3674    i.TIM2_IRQHandler   timer.o
    0x08001528   0x08001528   0x00000054   Code   RO         3675    i.TIM4_IRQHandler   timer.o
    0x0800157c   0x0800157c   0x00000006   Code   RO         2330    i.TIM_ClearITPendingBit  stm32f10x_tim.o
    0x08001582   0x08001582   0x00000006   Code   RO         2350    i.TIM_GetCapture1   stm32f10x_tim.o
    0x08001588   0x08001588   0x00000006   Code   RO         2351    i.TIM_GetCapture2   stm32f10x_tim.o
    0x0800158e   0x0800158e   0x00000022   Code   RO         2356    i.TIM_GetITStatus   stm32f10x_tim.o
    0x080015b0   0x080015b0   0x00000098   Code   RO         3524    i.USART1_IRQHandler  usart.o
    0x08001648   0x08001648   0x000000a0   Code   RO         3525    i.USART1_Init       usart.o
    0x080016e8   0x080016e8   0x00000018   Code   RO         2871    i.USART_Cmd         stm32f10x_usart.o
    0x08001700   0x08001700   0x00000054   Code   RO         2875    i.USART_GetITStatus  stm32f10x_usart.o
    0x08001754   0x08001754   0x0000004a   Code   RO         2877    i.USART_ITConfig    stm32f10x_usart.o
    0x0800179e   0x0800179e   0x00000002   PAD
    0x080017a0   0x080017a0   0x000000d8   Code   RO         2878    i.USART_Init        stm32f10x_usart.o
    0x08001878   0x08001878   0x0000000a   Code   RO         2885    i.USART_ReceiveData  stm32f10x_usart.o
    0x08001882   0x08001882   0x00000002   PAD
    0x08001884   0x08001884   0x00000024   Code   RO         4040    i.W25Q_Init         w25q128.o
    0x080018a8   0x080018a8   0x0000005c   Code   RO         4042    i.W25Q_Read_JEDEC_ID  w25q128.o
    0x08001904   0x08001904   0x000000ac   Code   RO         4043    i.W25Q_SPI_Init     w25q128.o
    0x080019b0   0x080019b0   0x00000004   Code   RO         3530    i._sys_exit         usart.o
    0x080019b4   0x080019b4   0x0000005c   Code   RO         3109    i.main              main.o
    0x08001a10   0x08001a10   0x00000600   Data   RO         3436    .constdata          oled0561.o
    0x08002010   0x08002010   0x00000020   Data   RO         4488    Region$$Table       anon$$obj.o


    Execution Region RW_IRAM1 (Exec base: 0x20000000, Load base: 0x08002030, Size: 0x00000858, Max: 0x00010000, ABSOLUTE)

    Exec Addr    Load Addr    Size         Type   Attr      Idx    E Section Name        Object

    0x20000000   0x08002030   0x00000014   Data   RW         1731    .data               stm32f10x_rcc.o
    0x20000014   0x08002044   0x00000006   Data   RW         3110    .data               main.o
    0x2000001a   0x0800204a   0x00000002   PAD
    0x2000001c   0x0800204c   0x0000000d   Data   RW         3533    .data               usart.o
    0x20000029   0x08002059   0x00000003   PAD
    0x2000002c   0x0800205c   0x00000014   Data   RW         3679    .data               timer.o
    0x20000040   0x08002070   0x00000002   Data   RW         3981    .data               matrix_keypad.o
    0x20000042   0x08002072   0x00000002   PAD
    0x20000044        -       0x000001b0   Zero   RW         3532    .bss                usart.o
    0x200001f4        -       0x00000060   Zero   RW         4359    .bss                c_w.l(libspace.o)
    0x20000254   0x08002072   0x00000004   PAD
    0x20000258        -       0x00000200   Zero   RW         3102    HEAP                startup_stm32f10x_hd.o
    0x20000458        -       0x00000400   Zero   RW         3101    STACK               startup_stm32f10x_hd.o


==============================================================================

Image component sizes


      Code (inc. data)   RO Data    RW Data    ZI Data      Debug   Object Name

         0          0          0          0          0       4572   core_cm3.o
        30          0          0          0          0        551   delay.o
        52          6          0          0          0        451   encoder.o
       392         40          0          0          0       2643   i2c.o
        92         22          0          6          0       1484   main.o
      1272         24          0          2          0       3420   matrix_keypad.o
       132         22          0          0          0       1535   misc.o
       332         42       1536          0          0       3118   oled0561.o
        40          0          0          0          0        875   rtc.o
        64         26        304          0       1536        796   startup_stm32f10x_hd.o
       200         18          0          0          0       2076   stm32f10x_exti.o
        52         12          0          0          0       1025   stm32f10x_flash.o
       390          4          0          0          0       5721   stm32f10x_gpio.o
       372         14          0          0          0       5722   stm32f10x_i2c.o
       696         92          0         20          0      10062   stm32f10x_rcc.o
        72         12          0          0          0       1460   stm32f10x_rtc.o
       112          0          0          0          0       3726   stm32f10x_spi.o
        52          0          0          0          0       2750   stm32f10x_tim.o
       408          6          0          0          0       4898   stm32f10x_usart.o
       110          0          0          0          0        540   sys_config.o
       328         28          0          0          0     267049   system_stm32f10x.o
       116         20          0         20          0       1701   timer.o
       316         40          0         13        432       3899   usart.o
       356         28          0          0          0       2141   w25q128.o

    ----------------------------------------------------------------------
      6000        456       1872         68       1968     332215   Object Totals
         0          0         32          0          0          0   (incl. Generated)
        14          0          0          7          0          0   (incl. Padding)

    ----------------------------------------------------------------------

      Code (inc. data)   RO Data    RW Data    ZI Data      Debug   Library Member Name

         8          0          0          0          0         68   __main.o
         0          0          0          0          0          0   __rtentry.o
        12          0          0          0          0          0   __rtentry2.o
         6          0          0          0          0          0   __rtentry4.o
        52          8          0          0          0          0   __scatter.o
        26          0          0          0          0          0   __scatter_copy.o
        28          0          0          0          0          0   __scatter_zi.o
        18          0          0          0          0         80   exit.o
         6          0          0          0          0        152   heapauxi.o
         2          0          0          0          0          0   libinit.o
         2          0          0          0          0          0   libinit2.o
         2          0          0          0          0          0   libshutdown.o
         2          0          0          0          0          0   libshutdown2.o
         8          4          0          0         96         68   libspace.o
       100          0          0          0          0         80   rt_memcpy_w.o
         2          0          0          0          0          0   rtexit.o
        10          0          0          0          0          0   rtexit2.o
        74          0          0          0          0         80   sys_stackheap_outer.o
         2          0          0          0          0         68   use_no_semi.o
         2          0          0          0          0         68   use_no_semi_2.o

    ----------------------------------------------------------------------
       368         12          0          0        100        664   Library Totals
         6          0          0          0          4          0   (incl. Padding)

    ----------------------------------------------------------------------

      Code (inc. data)   RO Data    RW Data    ZI Data      Debug   Library Name

       362         12          0          0         96        664   c_w.l

    ----------------------------------------------------------------------
       368         12          0          0        100        664   Library Totals

    ----------------------------------------------------------------------

==============================================================================


      Code (inc. data)   RO Data    RW Data    ZI Data      Debug   

      6368        468       1872         68       2068     328507   Grand Totals
      6368        468       1872         68       2068     328507   ELF Image Totals
      6368        468       1872         68          0          0   ROM Totals

==============================================================================

    Total RO  Size (Code + RO Data)                 8240 (   8.05kB)
    Total RW  Size (RW Data + ZI Data)              2136 (   2.09kB)
    Total ROM Size (Code + RO Data + RW Data)       8308 (   8.11kB)

==============================================================================

